[www.cspira.com.br/index.html]
[backblue.gif]
[fade.gif]
[index.html]
[www.cspira.com.br/favicon.ico]
[www.cspira.com.br/feeds/posts/default]
[www.cspira.com.br/feeds/posts/default9522]
[blogger.googleusercontent.com/img/b/R29vZ2xl/AVvXsEiUVnne_Z766sE-VeGn8A8LwLKDmIy1ieFVLC8iTm8/w680/cs 1.6.jpg]
[ajax.googleapis.com/ajax/libs/jquery/2.2.4/jquery.min.js]
[cdnjs.cloudflare.com/ajax/libs/font-awesome/5.10.2/css/all.css]
[cdn4.iconfinder.com/data/icons/mayssam/512/1355324.png]
[i.ibb.co/x1N5xL3/pira.jpg]
[i.ibb.co/LYqMGwK/Baixar-CS-1-6-2022-CSPIRA.jpg]
[1.bp.blogspot.com/-eYtRPgDYrj8/U2UzqPx7GQI/AAAAAAAADq8/2ziclERqoQU/s600/from_blog_divider.png]
[4.bp.blogspot.com/-O3EpVMWcoKw/WxY6-6I4--I/AAAAAAAAB2s/KzC0FqUQtkMdw7VzT6oOR_8vbZO6EJc-ACK4BGAYYCw/w680/nth.png]
[sites.google.com/site/blogcommentssg/blogger/Blog.c.delayed]
[sites.google.com/site/blogcommentssg/blogger/Blog6fb5.html]
[sites.google.com/site/bloggecomments/comments/Blogger.e.delayed]
[sites.google.com/site/bloggecomments/comments/Blogger6fb5.html]
[pagead2.googlesyndication.com/pagead/js/f.txt]
[connect.facebook.net/en_US/sdk.js]
[www.cspira.com.br/2020/12/counter-strike-16-nom-steam_20.12.delayed]
[i.imgur.com/mSEKJhQ.png]
[www.cspira.com.br/2022/06/baixar-cs-1.6-online-2022.html]
[www.cspira.com.br/2020/12/sxe-injected-172.html]
[www.cspira.com.br/search/label/Addons9d0e.html]
[www.cspira.com.br/2020/12/reunion-010133-rehlds.html]
[i.imgur.com/TXw4GvZ.gif]
[www.cspira.com.br/2021/02/divugue-seu-servidor-aqui.html]
[cache.gametracker.com/server_info/107.152.38.136_27015/b_560_95_1.png]
[www.cspira.com.br/2022/06/baixardownload-counter-strike-16-pt-br.html]
[blogger.googleusercontent.com/img/b/R29vZ2xl/AVvXsEhwGKypx-uQ1jJkepgYs1TzkV9fZfK0UdIOanlAQvB/w680/cspira.jpg]
[www.cspira.com.br/2022/06/counter-strike-16-full-hd-edition.html]
[blogger.googleusercontent.com/img/b/R29vZ2xl/AVvXsEjrfjNe3NCtGbUem7AKpc5JszbvJRif-HtAA_xd5En/w680/cs.jpg]
[www.cspira.com.br/2022/05/counter-strike-16-versao-cs-go-edition.html]
[blogger.googleusercontent.com/img/b/R29vZ2xl/AVvXsEjx3XMF9b7ihQXEGfMsQbBlM0q2IhlZDM6kR59JddP/w680/Sem t_tulo.jpg_;filename_=UTF-8''Sem%20t%C3%ADtulo.jpg]
[www.cspira.com.br/2022/05/cspira-counter-strike-argentina.html]
[blogger.googleusercontent.com/img/b/R29vZ2xl/AVvXsEgH8umtOI3XskGgRXgSPtl6CQSEzeygnABZ6zDznyP/w680/cs.jpg]
[www.cspira.com.br/2022/03/compilador-atualizado-cs-2022.html]
[www.cspira.com.br/2022/01/prefix-steam-e-nonsteam.html]
[www.cspira.com.br/2022/01/patente-csgo.html]
[www.cspira.com.br/2022/01/menu-de-armas-menu-de-armas-vip.html]
[1.bp.blogspot.com/-a3Y44o4HkKY/YXcG1qdYuvI/AAAAAAAAC8s/RVUWClOmsBIYIAcZ7x9wzoLKKvcoRWMugCLcBGAsYHQ/w680/AdminOnline.jpg]
[www.cspira.com.br/2021/10/plugin-admin-online-hud.html]
[www.cspira.com.br/2021/10/base-limpa-addons-linux.html]
[1.bp.blogspot.com/-xLr84aho6vI/YW7Dxuxw8zI/AAAAAAAAC8Q/S91o8UEWgwA_vqOOuhPqbVC_P3cH5pDVgCLcBGAsYHQ/w680/amxmodx.jpg]
[1.bp.blogspot.com/-KLKfVByBDDw/YWxkRZnaQgI/AAAAAAAAC7w/Gq3FixSgp8gxC-e6GKo963j4BQjAgj7YgCLcBGAsYHQ/w680/C4_Tartaruga.jpg]
[www.cspira.com.br/2021/10/skin-c4-tartaruga.html]
[www.cspira.com.br/2021/10/plugin-permite-adicionar-o-timer-da-c4.html]
[1.bp.blogspot.com/-B8i2TWRLlzA/YWxZfcfjYvI/AAAAAAAAC7o/W9WWwpHFIy8KcYW9kKhxBdIToTz4bfC_wCLcBGAsYHQ/w680/PLUGIN C4TIMER.jpg]
[www.cspira.com.br/2021/10/plugin-anti-wallhack-v45.html]
[1.bp.blogspot.com/-t7wnahEYxlo/YWtyp9c3E5I/AAAAAAAAC7Y/1VrcsGB_Pjo2SHB5tiqtnpOK1Ccd-_BdACLcBGAsYHQ/w680/anti xiter cs1.6.jpg]
[1.bp.blogspot.com/-guyZwFsY69U/X-CIM6o4vyI/AAAAAAAAB-o/x4isYXEBd2EJyVDuvMTfb6frZMCCldjvACLcBGAsYHQ/w680/SantaHat.png]
[www.cspira.com.br/2021/10/plugin-gorro-de-natal-neve.html]
[1.bp.blogspot.com/-JILOVnkkfD8/YWnHRoQNfwI/AAAAAAAAC64/Zzh45SRBrPgnLEXbu1MaTU9rmp2WT1RHACLcBGAsYHQ/w680/CS1.6.jpg]
[www.cspira.com.br/2021/10/plugin-reset-score-02.html]
[www.cspira.com.br/searche353.html]
[down-cs.su/icos/clean.png]
[waust.at/t.js]
[www.cspira.com.br/2020/12/rehlds-counter-strike16.html]
[www.cspira.com.br/2020/12/regamedllcs-cspira.html]
[www.cspira.com.br/2020/12/metamod-r-cspira.html]
[www.cspira.com.br/2020/12/hlds-steam-cmd.html]
[www.cspira.com.br/2020/12/hlds-voicetranscoder-abreviadamente-vtc.html]
[apis.google.com/js/plusone.js]
[pagead2.googlesyndication.com/pagead/js/f-2.txt]
[www.cspira.com.br/2021/01/mapa-cschaves-cspira.html]
[1.bp.blogspot.com/-lTnnZuY8uXk/X_soQXRpO_I/AAAAAAAACSE/hjZZoo28sFAp0iguwECbo8KMU15evRjywCLcBGAsYHQ/w680/cs_chaves (1).jpg]
[1.bp.blogspot.com/-7yc6te72FUI/X9-mZOpRkVI/AAAAAAAAB88/V9_DS0NoidopRQ0njAGBVU-SW--fnBSAwCLcBGAsYHQ/w680/C4.jpg]
[www.cspira.com.br/2020/12/addons-4fun.html]
[1.bp.blogspot.com/-WpmRDzr41G4/YU3nYm5qx6I/AAAAAAAAC1c/CK-BSwz9gXAIwvR2PJQh9QLiN67nSze5wCLcBGAsYHQ/w680/download-gta-san-andreas-pc-completo-portugues.jpg]
[www.cspira.com.br/2021/09/download-gta-san-andreas-pc-pt-br.html]
[www.cspira.com.br/search/label/Addons.html]
[www.cspira.com.br/search/label/AntiCheat.html]
[www.cspira.com.br/search/label/Boost.html]
[www.cspira.com.br/search/label/CS 1.html]
[www.cspira.com.br/search/label/Jogos PC.html]
[www.cspira.com.br/search/label/Mapas.html]
[www.cspira.com.br/search/label/Plugins.html]
[www.cspira.com.br/search/label/Progamas.html]
[www.cspira.com.br/search/label/Skins Armas.html]
[www.cspira.com.br/search/label/Skins Players.html]
[www.cspira.com.br/search/label/Tutoriais.html]
[www.cspira.com.br/search/label/Utilitarios.html]
[www.blogger.com/static/v1/widgets/1997315711-widgets.js]
[www.cspira.com.br/index.html]
[cdnjs.cloudflare.com/ajax/libs/font-awesome/5.10.2/css/all.css]
[1.bp.blogspot.com/-8TcMxpoFBI8/XXfVXz0RfoI/AAAAAAAAAgg/AIlcAyY03T4N2Hy0U1C6yJzmXFVEMzfEgCLcBGAs/s1600/video_logo.png]
[sites.google.com/site/blogcommentssg/blogger/Blog6fb5.html]
[sites.google.com/site/bloggecomments/comments/Blogger6fb5.html]
[connect.facebook.net/en_US/sdk.js]
[www.cspira.com.br/2020/12/counter-strike-16-nom-steam_20.html]
[www.cspira.com.br/feeds/4707944201077247298/comments/default]
[www.cspira.com.br/search/label/CS Online.html]
[www.cspira.com.br/search/label/Counter-strike 1.html]
[blogger.googleusercontent.com/img/b/R29vZ2xl/AVvXsEiUVnne_Z766sE-VeGn8A8LwLKDmIy1ieFVLC8iTm8/s1288/cs 1.6.jpg]
[blogger.googleusercontent.com/img/b/R29vZ2xl/AVvXsEiUVnne_Z766sE-VeGn8A8LwLKDmIy1ieFVLC8iTm8/s16000/cs 1.6.jpg]
[blogger.googleusercontent.com/img/b/R29vZ2xl/AVvXsEglKuj1yzpqXzm9RDY767nuL_lr6xLB4mvmqhG4yuJ/s1284/cs16 cspira.jpg]
[blogger.googleusercontent.com/img/b/R29vZ2xl/AVvXsEglKuj1yzpqXzm9RDY767nuL_lr6xLB4mvmqhG4yuJ/s16000/cs16 cspira.jpg]
[www.blogger.com/static/v1/jsbin/3262169375-comment_from_post_iframe.js]
[www.cspira.com.br/2022/06/baixar-cs-1.6-online-2022.html]
[www.cspira.com.br/feeds/2200091524455873761/comments/default]
[1.bp.blogspot.com/-sy0aWyvCPwM/X-DT9azKl1I/AAAAAAAACBs/njSXbyuyNEg8jaJccuJ-JAi-B5Ux5W1HACLcBGAsYHQ/w680/sxe-Cspira.jpg]
[1.bp.blogspot.com/-sy0aWyvCPwM/X-DT9azKl1I/AAAAAAAACBs/njSXbyuyNEg8jaJccuJ-JAi-B5Ux5W1HACLcBGAsYHQ/s360/sxe-Cspira.jpg]
[1.bp.blogspot.com/-sy0aWyvCPwM/X-DT9azKl1I/AAAAAAAACBs/njSXbyuyNEg8jaJccuJ-JAi-B5Ux5W1HACLcBGAsYHQ/s320/sxe-Cspira.jpg]
[www.cspira.com.br/2020/12/sxe-injected-172.html]
[www.cspira.com.br/search/label/Addons4e4f.html]
[www.cspira.com.br/2020/12/addons-pug-mix-cs16-cspira.html]
[1.bp.blogspot.com/-l38so62A8v8/X-VG9ErWHzI/AAAAAAAACE4/JegzVdiTS2cHNir_GYx9mUmorjHGlpPdACLcBGAsYHQ/w680/Screenshot_18.jpg]
[www.cspira.com.br/2020/12/addons-cs-dm-death-match-cspira.html]
[1.bp.blogspot.com/-k1qITZoXgk8/X-VEo70uhcI/AAAAAAAACEk/eFFPhecfqj4dpujEPBiMaoGiFTLcJfBWwCLcBGAsYHQ/w680/dm2.gif]
[www.cspira.com.br/search/label/Addons9d0e.html]
[www.cspira.com.br/search/label/Addons6916.html]
[www.cspira.com.br/feeds/670908258433526432/comments/default]
[1.bp.blogspot.com/-__MDYmtlbk0/X-DdJ5mqH5I/AAAAAAAACDY/jxhoTr_U_i8ZPERyY4NwR_jM_uBbjraJwCLcBGAsYHQ/w680/reunion-cs-rehlds.jpg]
[1.bp.blogspot.com/-__MDYmtlbk0/X-DdJ5mqH5I/AAAAAAAACDY/jxhoTr_U_i8ZPERyY4NwR_jM_uBbjraJwCLcBGAsYHQ/s320/reunion-cs-rehlds.jpg]
[1.bp.blogspot.com/-__MDYmtlbk0/X-DdJ5mqH5I/AAAAAAAACDY/jxhoTr_U_i8ZPERyY4NwR_jM_uBbjraJwCLcBGAsYHQ/s0/reunion-cs-rehlds.jpg]
[www.cspira.com.br/2020/12/reunion-010133-rehlds.html]
[www.cspira.com.br/feeds/4209767341237728232/comments/default]
[cache.gametracker.com/server_info/107.152.38.136_27016/b_560_95_1.png]
[resources.blogblog.com/img/blank.gif]
[www.blogger.com/img/blogger_logo_round_35.png]
[www.cspira.com.br/2021/02/divugue-seu-servidor-aqui8bf9.html]
[www.cspira.com.br/2021/02/divugue-seu-servidor-aqui7888.html]
[www.cspira.com.br/2021/02/divugue-seu-servidor-aqui80bb.html]
[www.cspira.com.br/2021/02/divugue-seu-servidor-aquieb86.html]
[www.cspira.com.br/2021/02/divugue-seu-servidor-aqui5090.html]
[www.cspira.com.br/2021/02/divugue-seu-servidor-aquid8f6.html]
[www.cspira.com.br/2021/02/divugue-seu-servidor-aqui0b53.html]
[www.cspira.com.br/2021/02/divugue-seu-servidor-aqui42d5.html]
[www.cspira.com.br/2021/02/divugue-seu-servidor-aquia9a7.html]
[2.bp.blogspot.com/-c2AibECqQkQ/YARMMYae1sI/AAAAAAAABSE/ddkXqW7FqukAbPCYywZ8VfWpbmPLTKEJwCK4BGAYYCw/s35/702c768d-da82-4820-a39e-3cac5ff121f9.jpg]
[www.cspira.com.br/2021/02/divugue-seu-servidor-aquic7d6.html]
[www.cspira.com.br/2021/02/divugue-seu-servidor-aqui0afd.html]
[www.cspira.com.br/2021/02/divugue-seu-servidor-aqui87e6.html]
[www.cspira.com.br/2021/02/divugue-seu-servidor-aquiec59.html]
[www.cspira.com.br/2021/02/divugue-seu-servidor-aqui8c87.html]
[www.cspira.com.br/2021/02/divugue-seu-servidor-aqui5f05.html]
[www.cspira.com.br/2021/02/divugue-seu-servidor-aqui10d2.html]
[www.cspira.com.br/2021/02/divugue-seu-servidor-aqui509a.html]
[www.cspira.com.br/2021/02/divugue-seu-servidor-aqui5766.html]
[www.cspira.com.br/2021/02/divugue-seu-servidor-aquiddbc.html]
[www.cspira.com.br/2021/02/divugue-seu-servidor-aqui1507.html]
[www.cspira.com.br/2021/02/divugue-seu-servidor-aquib814.html]
[www.cspira.com.br/2021/02/divugue-seu-servidor-aqui65e9.html]
[www.cspira.com.br/2021/02/divugue-seu-servidor-aqui4fe8.html]
[www.cspira.com.br/2021/02/divugue-seu-servidor-aqui7ccc.html]
[www.cspira.com.br/2021/02/divugue-seu-servidor-aqui253e.html]
[www.cspira.com.br/2021/02/divugue-seu-servidor-aquia8cc.html]
[www.cspira.com.br/2021/02/divugue-seu-servidor-aqui8068.html]
[www.cspira.com.br/2021/02/divugue-seu-servidor-aqui.html]
[www.cspira.com.br/2021/02/divugue-seu-servidor-aqui5bc5.html]
[www.cspira.com.br/feeds/2890740259665567852/comments/default]
[blogger.googleusercontent.com/img/b/R29vZ2xl/AVvXsEhwGKypx-uQ1jJkepgYs1TzkV9fZfK0UdIOanlAQvB/s615/cspira.jpg]
[blogger.googleusercontent.com/img/b/R29vZ2xl/AVvXsEhwGKypx-uQ1jJkepgYs1TzkV9fZfK0UdIOanlAQvB/w640-h312/cspira.jpg]
[www.cspira.com.br/2022/06/baixardownload-counter-strike-16-pt-br.html]
[www.cspira.com.br/feeds/1825066150793006244/comments/default]
[blogger.googleusercontent.com/img/b/R29vZ2xl/AVvXsEjrfjNe3NCtGbUem7AKpc5JszbvJRif-HtAA_xd5En/w640-h400/cs.jpg]
[blogger.googleusercontent.com/img/b/R29vZ2xl/AVvXsEj6T0PgUW4k2kOBoD6RWRZtmWPkz0r6iGX8FP5BkHi/s1680/cs3.jpg]
[blogger.googleusercontent.com/img/b/R29vZ2xl/AVvXsEj6T0PgUW4k2kOBoD6RWRZtmWPkz0r6iGX8FP5BkHi/w633-h397/cs3.jpg]
[blogger.googleusercontent.com/img/b/R29vZ2xl/AVvXsEiIqC2mYz3SW2DCNV1KfPI0JmZ7-9hbGGBRDyBxugd/w655-h405/cs2.jpg]
[blogger.googleusercontent.com/img/b/R29vZ2xl/AVvXsEi0ykxNPFHetN6bytxaZsfIB6MsSLeNmAzmxruU9ZV/w640-h400/cs1.jpg]
[www.cspira.com.br/2022/06/counter-strike-16-full-hd-edition.html]
[www.cspira.com.br/feeds/2288625197488634471/comments/default]
[blogger.googleusercontent.com/img/b/R29vZ2xl/AVvXsEjx3XMF9b7ihQXEGfMsQbBlM0q2IhlZDM6kR59JddP/s1258/Sem t_tulo.jpg_;filename_=UTF-8''Sem%20t%C3%ADtulo.jpg]
[blogger.googleusercontent.com/img/b/R29vZ2xl/AVvXsEjx3XMF9b7ihQXEGfMsQbBlM0q2IhlZDM6kR59JddP/s16000/Sem t_tulo.jpg_;filename_=UTF-8''Sem%20t%C3%ADtulo.jpg]
[blogger.googleusercontent.com/img/b/R29vZ2xl/AVvXsEhlPLyfKj_ieQzkOhTJh-AnM7JkeGkqO4NbV5WwtVk/s1283/csgocs1.6.jpg]
[blogger.googleusercontent.com/img/b/R29vZ2xl/AVvXsEhlPLyfKj_ieQzkOhTJh-AnM7JkeGkqO4NbV5WwtVk/s16000/csgocs1.6.jpg]
[www.cspira.com.br/2022/05/counter-strike-16-versao-cs-go-edition.html]
[www.cspira.com.br/feeds/4095163329149741852/comments/default]
[blogger.googleusercontent.com/img/b/R29vZ2xl/AVvXsEgH8umtOI3XskGgRXgSPtl6CQSEzeygnABZ6zDznyP/s16000/cs.jpg]
[blogger.googleusercontent.com/img/b/R29vZ2xl/AVvXsEjhoqZD7ZT6iH6vp5BOcVtXISAD3vYJi_L9_u_N4z6/s16000/cs3.jpg]
[blogger.googleusercontent.com/img/b/R29vZ2xl/AVvXsEhvrM4z3uJL3cgdVcpvT1oDpKOOZevN6hqmnYeUQoa/s16000/cs4.jpg]
[blogger.googleusercontent.com/img/b/R29vZ2xl/AVvXsEhcYNHjnJbuM9dv23Z48Ar1ej02OKal4VOZrGSSbmG/s16000/cs1.jpg]
[blogger.googleusercontent.com/img/b/R29vZ2xl/AVvXsEi4UTPBqXp-wNrJXlJmG8JH_AqV06gCuFjY505Q1s-/s16000/CS5.jpg]
[www.cspira.com.br/2022/05/cspira-counter-strike-argentina.html]
[www.cspira.com.br/2022/03/compilador-atualizado-cs-2022.html]
[www.cspira.com.br/feeds/8586362233259383270/comments/default]
[www.cspira.com.br/2022/01/prefix-steam-e-nonsteam.html]
[www.cspira.com.br/feeds/6410706198359261685/comments/default]
[www.cspira.com.br/feeds/670807727471733681/comments/default]
[www.cspira.com.br/2022/01/patente-csgo.html]
[www.cspira.com.br/2021/03/plugin-top-10-facas-rank-de-facas.html]
[www.cspira.com.br/2022/01/menu-de-armas-menu-de-armas-vip.html]
[www.cspira.com.br/feeds/5086796854310786644/comments/default]
[www.cspira.com.br/feeds/7493024520443906841/comments/default]
[1.bp.blogspot.com/-a3Y44o4HkKY/YXcG1qdYuvI/AAAAAAAAC8s/RVUWClOmsBIYIAcZ7x9wzoLKKvcoRWMugCLcBGAsYHQ/w400-h306/AdminOnline.jpg]
[www.paypalobjects.com/pt_BR/BR/i/btn/btn_buynowCC_LG.gif]
[www.paypalobjects.com/pt_BR/i/scr/pixel.gif]
[www.cspira.com.br/2021/10/plugin-admin-online-hud.html]
[www.cspira.com.br/feeds/5341156220557612862/comments/default]
[1.bp.blogspot.com/-xLr84aho6vI/YW7Dxuxw8zI/AAAAAAAAC8Q/S91o8UEWgwA_vqOOuhPqbVC_P3cH5pDVgCLcBGAsYHQ/s500/amxmodx.jpg]
[1.bp.blogspot.com/-xLr84aho6vI/YW7Dxuxw8zI/AAAAAAAAC8Q/S91o8UEWgwA_vqOOuhPqbVC_P3cH5pDVgCLcBGAsYHQ/w640-h192/amxmodx.jpg]
[www.cspira.com.br/2021/10/base-limpa-addons-linux.html]
[www.cspira.com.br/feeds/1219651725629891009/comments/default]
[1.bp.blogspot.com/-KLKfVByBDDw/YWxkRZnaQgI/AAAAAAAAC7w/Gq3FixSgp8gxC-e6GKo963j4BQjAgj7YgCLcBGAsYHQ/s1273/C4_Tartaruga.jpg]
[1.bp.blogspot.com/-KLKfVByBDDw/YWxkRZnaQgI/AAAAAAAAC7w/Gq3FixSgp8gxC-e6GKo963j4BQjAgj7YgCLcBGAsYHQ/w640-h352/C4_Tartaruga.jpg]
[1.bp.blogspot.com/-bHm4Q1K7Xds/YWxkRbKX3uI/AAAAAAAAC70/3frpVJvZR80kTfqZv5-N2IT84455vI7gQCLcBGAsYHQ/s1271/c4 cspira.jpg]
[1.bp.blogspot.com/-bHm4Q1K7Xds/YWxkRbKX3uI/AAAAAAAAC70/3frpVJvZR80kTfqZv5-N2IT84455vI7gQCLcBGAsYHQ/w640-h380/c4 cspira.jpg]
[www.cspira.com.br/2021/10/skin-c4-tartaruga.html]
[www.cspira.com.br/feeds/1711083128518303751/comments/default]
[1.bp.blogspot.com/-B8i2TWRLlzA/YWxZfcfjYvI/AAAAAAAAC7o/W9WWwpHFIy8KcYW9kKhxBdIToTz4bfC_wCLcBGAsYHQ/s1281/PLUGIN C4TIMER.jpg]
[1.bp.blogspot.com/-B8i2TWRLlzA/YWxZfcfjYvI/AAAAAAAAC7o/W9WWwpHFIy8KcYW9kKhxBdIToTz4bfC_wCLcBGAsYHQ/w640-h288/PLUGIN C4TIMER.jpg]
[www.cspira.com.br/2021/10/plugin-permite-adicionar-o-timer-da-c4.html]
[www.cspira.com.br/feeds/5105820842456599388/comments/default]
[1.bp.blogspot.com/-t7wnahEYxlo/YWtyp9c3E5I/AAAAAAAAC7Y/1VrcsGB_Pjo2SHB5tiqtnpOK1Ccd-_BdACLcBGAsYHQ/s1275/anti xiter cs1.6.jpg]
[1.bp.blogspot.com/-t7wnahEYxlo/YWtyp9c3E5I/AAAAAAAAC7Y/1VrcsGB_Pjo2SHB5tiqtnpOK1Ccd-_BdACLcBGAsYHQ/w640-h178/anti xiter cs1.6.jpg]
[www.cspira.com.br/2021/10/plugin-anti-wallhack-v45.html]
[www.cspira.com.br/feeds/2956581058516440335/comments/default]
[1.bp.blogspot.com/-guyZwFsY69U/X-CIM6o4vyI/AAAAAAAAB-o/x4isYXEBd2EJyVDuvMTfb6frZMCCldjvACLcBGAsYHQ/s456/SantaHat.png]
[1.bp.blogspot.com/-guyZwFsY69U/X-CIM6o4vyI/AAAAAAAAB-o/x4isYXEBd2EJyVDuvMTfb6frZMCCldjvACLcBGAsYHQ/w640-h534/SantaHat.png]
[www.cspira.com.br/2021/10/plugin-gorro-de-natal-neve.html]
[www.cspira.com.br/feeds/7064243251463125170/comments/default]
[1.bp.blogspot.com/-JILOVnkkfD8/YWnHRoQNfwI/AAAAAAAAC64/Zzh45SRBrPgnLEXbu1MaTU9rmp2WT1RHACLcBGAsYHQ/w640-h261/CS1.6.jpg]
[1.bp.blogspot.com/-vnWX29vhtg8/YWnByqLFDcI/AAAAAAAAC6o/_6Nbfz7SEhwBAA4E5XpFYTQJxGFdsSg8wCLcBGAsYHQ/w640-h346/plugin reset score cs1+6.jpg]
[1.bp.blogspot.com/-n6Sp3V2MSsk/YWnBypG6WXI/AAAAAAAAC6s/KIW-3rMk1q8V-eH-mV5JbYAgTIKyTfSrwCLcBGAsYHQ/w640-h278/plugin reset score cs16.jpg]
[www.cspira.com.br/2021/10/plugin-reset-score-02.html]
[www.cspira.com.br/search1c7b.html]
[1.bp.blogspot.com/-pv3ELiIDN98/YWL2srWRAOI/AAAAAAAAC50/5E50jPnaRyUsvyl7kqFsS2yMbDi-qDCWgCLcBGAsYHQ/w680/plugin cs1.6.jpg]
[www.cspira.com.br/2021/10/plugin-bot-spect-v11.html]
[www.cspira.com.br/2021/10/pacote-de-granadas-para-cs16.html]
[1.bp.blogspot.com/-nq4v7fmULxY/YVuq5ogFs5I/AAAAAAAAC44/TjmAhYDwSiIW6veTnOg4FBhw7RuXucLhACLcBGAsYHQ/w680/cs1.6.jpg]
[www.cspira.com.br/2021/10/skin-girls-alerquina.html]
[1.bp.blogspot.com/-ZAF4lQc1j6M/YVtWYVhsBTI/AAAAAAAAC4g/msTQ10lStTAPHkD5kEOleOBQ0If2bEECQCLcBGAsYHQ/w680/alerquina.jpg]
[www.cspira.com.br/2021/10/skins-adms-esqueletos.html]
[1.bp.blogspot.com/-ChEO5AkmYIQ/YVtT420W9JI/AAAAAAAAC4Q/tJBHNK6cWcEyhbYdlP8QIXUWTavD3jo4gCLcBGAsYHQ/w680/ct.png]
[www.cspira.com.br/2021/09/counter-strike-16-classic.html]
[1.bp.blogspot.com/-3LtB2HCzPqg/YUGasXGABBI/AAAAAAAAC0k/kl9nfdncGukPgJE4GWSkZ8eOWzw9DuMywCLcBGAsYHQ/w680/master.jpg]
[www.cspira.com.br/2021/08/jeds-half-life-model-viewer.html]
[1.bp.blogspot.com/-wz9Y1L8DF6Q/YSc4xbuFRkI/AAAAAAAACzk/6JtMId5qDgMXq54Hhpoxe63XEARrhhsNQCLcBGAsYHQ/w680/get_image_large.jpg]
[www.cspira.com.br/2021/08/modelo-skin-vip-ct-e-tr.html]
[1.bp.blogspot.com/-kHc96VlsDQ4/YScznsr6ZNI/AAAAAAAACzU/5VzxCmMwPiUWphJwM48BgmGr1RPW1-UNACLcBGAsYHQ/w680/vipterror.jpg]
[www.cspira.com.br/2021/05/aguard-anti-cheat.html]
[1.bp.blogspot.com/-2IA6yZ_nC50/YJRBdAxbDJI/AAAAAAAACsE/uxXHgX7c4wwNJ5n-V__mobzBQWogxNGhACLcBGAsYHQ/w680/aguard.png]
[www.cspira.com.br/2021/05/introducao-uac-united-anti-cheat-e-um.html]
[1.bp.blogspot.com/-SQcQ2I0mcL8/YJQ_VY52x-I/AAAAAAAACr4/uLywW51IRiYhHD1yKvbQt5GDtzthT4o8gCLcBGAsYHQ/w680/unnamed.png]
[www.cspira.com.br/2021/04/plugin-knife-reset-frag.html]
[1.bp.blogspot.com/-GGotOFIBqtg/YHzsghaMMEI/AAAAAAAACkA/qWTVG1SroUwxCO1XG5r6_lzLsNS21nAmACLcBGAsYHQ/w680/fragresetfaca.jpg]
[1.bp.blogspot.com/-AtOMgr0kFwc/YFQZGWReMdI/AAAAAAAACbU/f4CZUvO-q54u-R7pUQZ8F83DdwcDLBOzgCLcBGAsYHQ/w680/rankfaca04.jpg]
[www.cspira.com.br/2021/02/plugin-fire-in-role.html]
[1.bp.blogspot.com/-0-412lAW_Kk/YDKY_RzXtFI/AAAAAAAACX0/EvdZ0s_CrRowkReB1WeQ7ejaX_R1mZpjgCLcBGAsYHQ/w680/CSPIRAFLASH.jpg]
[www.cspira.com.br/2021/02/plugin-menu-4fun-armas-v11.html]
[1.bp.blogspot.com/-Am3zt-aADwQ/YDKUE0TeYjI/AAAAAAAACXc/HeezayE-FJsFOIzkJ8oUPBzC3vZR0n7xQCLcBGAsYHQ/w680/Menu4FunArmas.jpg]
[www.cspira.com.br/2021/02/plugin-sniper-fast.html]
[1.bp.blogspot.com/-be9MvF0IYMs/YCK50etomiI/AAAAAAAACV8/RM0tdGoHNTQneayFRlFk-ya0Mlt8t107QCLcBGAsYHQ/w680/cs-fast-sniper.jpg]
[www.cspira.com.br/searche353.html]
[www.cspira.com.br/search3502.html]
[waust.at/t.js]
[cdn.tynt.com/tc.js]
[www.cspira.com.br/feeds/2496365063382837359/comments/default]
[1.bp.blogspot.com/-GkPHMzyfwnY/X-Da8MCmgmI/AAAAAAAACDE/pN46STqmjA47vy1Ny86-1Fu1vXHHm7ssQCLcBGAsYHQ/w680/logo.jpg]
[www.cspira.com.br/2020/12/cspira.e0.delayed]
[1.bp.blogspot.com/-GkPHMzyfwnY/X-Da8MCmgmI/AAAAAAAACDE/pN46STqmjA47vy1Ny86-1Fu1vXHHm7ssQCLcBGAsYHQ/s320/logo.jpg]
[www.cspira.com.br/2020/12/rehlds-counter-strike16.html]
[www.cspira.com.br/feeds/3092935059512482469/comments/default]
[1.bp.blogspot.com/-aizm8NTsRZg/X-VTdJDMrDI/AAAAAAAACGA/gUEBJyzqO9gso-67MTgb_NkCMYg5at-5ACLcBGAsYHQ/w680/b3623150-a2d3-11e6-85f3-0d6571045fc9.png]
[1.bp.blogspot.com/-aizm8NTsRZg/X-VTdJDMrDI/AAAAAAAACGA/gUEBJyzqO9gso-67MTgb_NkCMYg5at-5ACLcBGAsYHQ/s128/b3623150-a2d3-11e6-85f3-0d6571045fc9.png]
[1.bp.blogspot.com/-aizm8NTsRZg/X-VTdJDMrDI/AAAAAAAACGA/gUEBJyzqO9gso-67MTgb_NkCMYg5at-5ACLcBGAsYHQ/s0/b3623150-a2d3-11e6-85f3-0d6571045fc9.png]
[www.cspira.com.br/2020/12/regamedllcs-cspira.html]
[www.cspira.com.br/feeds/3569190232761959/comments/default]
[1.bp.blogspot.com/-oklWucStsPE/X-VVrHLhVMI/AAAAAAAACGM/LacH8JGkkSMuDBfJTTPd8WpjzMNspqBGgCLcBGAsYHQ/w680/1556285151_metamod_r.jpg]
[1.bp.blogspot.com/-oklWucStsPE/X-VVrHLhVMI/AAAAAAAACGM/LacH8JGkkSMuDBfJTTPd8WpjzMNspqBGgCLcBGAsYHQ/s839/1556285151_metamod_r.jpg]
[1.bp.blogspot.com/-oklWucStsPE/X-VVrHLhVMI/AAAAAAAACGM/LacH8JGkkSMuDBfJTTPd8WpjzMNspqBGgCLcBGAsYHQ/s320/1556285151_metamod_r.jpg]
[www.cspira.com.br/2020/12/metamod-r-cspira.html]
[www.cspira.com.br/feeds/2531633256797597259/comments/default]
[1.bp.blogspot.com/-4DjS1AOT1-I/X-Dp2YARzOI/AAAAAAAACD0/ilaGpEpboJQyNql_dIaMThEGOaqyIR5LQCLcBGAsYHQ/w680/hlds-steamcmd-last-version.jpg]
[1.bp.blogspot.com/-4DjS1AOT1-I/X-Dp2YARzOI/AAAAAAAACD0/ilaGpEpboJQyNql_dIaMThEGOaqyIR5LQCLcBGAsYHQ/s360/hlds-steamcmd-last-version.jpg]
[1.bp.blogspot.com/-4DjS1AOT1-I/X-Dp2YARzOI/AAAAAAAACD0/ilaGpEpboJQyNql_dIaMThEGOaqyIR5LQCLcBGAsYHQ/s320/hlds-steamcmd-last-version.jpg]
[www.cspira.com.br/2020/12/hlds-steam-cmd.html]
[www.cspira.com.br/feeds/4604793525165821614/comments/default]
[1.bp.blogspot.com/-3UzclWBjGqc/X-DYOEgOgOI/AAAAAAAACCc/PEfsA-MHomog0gE7-mCUOn0HYEVKx5DYQCLcBGAsYHQ/w680/hqdefault.jpg]
[1.bp.blogspot.com/-3UzclWBjGqc/X-DYOEgOgOI/AAAAAAAACCc/PEfsA-MHomog0gE7-mCUOn0HYEVKx5DYQCLcBGAsYHQ/s480/hqdefault.jpg]
[1.bp.blogspot.com/-3UzclWBjGqc/X-DYOEgOgOI/AAAAAAAACCc/PEfsA-MHomog0gE7-mCUOn0HYEVKx5DYQCLcBGAsYHQ/s320/hqdefault.jpg]
[www.cspira.com.br/2020/12/hlds-voicetranscoder-abreviadamente-vtc.html]
[www.cspira.com.br/feeds/4801322298433481991/comments/default]
[1.bp.blogspot.com/-lTnnZuY8uXk/X_soQXRpO_I/AAAAAAAACSE/hjZZoo28sFAp0iguwECbo8KMU15evRjywCLcBGAsYHQ/s1024/cs_chaves (1).jpg]
[1.bp.blogspot.com/-lTnnZuY8uXk/X_soQXRpO_I/AAAAAAAACSE/hjZZoo28sFAp0iguwECbo8KMU15evRjywCLcBGAsYHQ/w320-h240/cs_chaves (1).jpg]
[www.cspira.com.br/2021/01/mapa-cschaves-cspira.html]
[www.cspira.com.br/feeds/8288953902712621660/comments/default]
[1.bp.blogspot.com/-7yc6te72FUI/X9-mZOpRkVI/AAAAAAAAB88/V9_DS0NoidopRQ0njAGBVU-SW--fnBSAwCLcBGAsYHQ/s680/C4.jpg]
[1.bp.blogspot.com/-7yc6te72FUI/X9-mZOpRkVI/AAAAAAAAB88/V9_DS0NoidopRQ0njAGBVU-SW--fnBSAwCLcBGAsYHQ/s320/C4.jpg]
[2.bp.blogspot.com/-ZHSnwtch9TQ/Yqk7M3TnhKI/AAAAAAAADRw/_iZqopWpORI6kXN3eAaX_fmIzQlKBCY-gCK4BGAYYCw/s35/images.jpg]
[www.cspira.com.br/2020/12/addons-4fun491e.html]
[www.cspira.com.br/2020/12/addons-4fun.html]
[www.cspira.com.br/2020/12/addons-4fun48db.html]
[www.cspira.com.br/feeds/4660097172052900558/comments/default]
[1.bp.blogspot.com/-WpmRDzr41G4/YU3nYm5qx6I/AAAAAAAAC1c/CK-BSwz9gXAIwvR2PJQh9QLiN67nSze5wCLcBGAsYHQ/w320-h241/download-gta-san-andreas-pc-completo-portugues.jpg]
[1.bp.blogspot.com/-Ha31wT9YAZ8/YU3n0RTW4YI/AAAAAAAAC1s/FeUqArhrkrkytnmGiMhJCcckXX1igPTkwCLcBGAsYHQ/s320/gta.jpg]
[1.bp.blogspot.com/-T5Nn3n3OurA/YU3n0Onc8eI/AAAAAAAAC1o/AO0xePtqF6EMOYEtY9Auahr5xzmoQ9bHgCLcBGAsYHQ/s320/gta pc.jpg]
[1.bp.blogspot.com/-OJzPV7XhVYo/YU3n0KW8S-I/AAAAAAAAC1k/fb-bT8pI-w8kPwEiI9oNe-sX-B1gJkxDACLcBGAsYHQ/s320/csc1.6.jpg]
[www.cspira.com.br/2021/09/download-gta-san-andreas-pc-pt-br.html]
[www.cspira.com.br/search/label/Addons.html]
[www.cspira.com.br/search/label/Addons32fc.html]
[www.cspira.com.br/search/label/AntiCheat.html]
[www.cspira.com.br/search/label/AntiCheat6528.html]
[1.bp.blogspot.com/-mV3Dg_9S670/X-CPIh8-qnI/AAAAAAAAB_Y/5oF0HKanr7AOC9HUeQaBAQklk17G5vzCQCLcBGAsYHQ/w680/cspiraclassico.jpg]
[www.cspira.com.br/2020/12/boost-server-counter-strike-16.html]
[www.cspira.com.br/search/label/Boost.html]
[www.cspira.com.br/search/label/Boostb44c.html]
[www.cspira.com.br/search/label/CS 1.html]
[www.cspira.com.br/search/label/CS 1e569.html]
[www.cspira.com.br/search/label/Jogos PC.html]
[www.cspira.com.br/search/label/Jogos PC7850.html]
[1.bp.blogspot.com/-Dajz5Ff9dsE/YBzV0hF7g_I/AAAAAAAACU8/NzMf3PPvXEAfqm3LMFSE_2enPwg6cWaogCLcBGAsYHQ/w680/61792.jpg]
[www.cspira.com.br/2021/02/mapa-dedust2fundoextreme-cspira.html]
[www.cspira.com.br/2021/02/mapa-aimheadshot-cspira.html]
[1.bp.blogspot.com/-yMtfNauoxv4/YBzUPTcq0mI/AAAAAAAACUw/Z2IEw2Yk9P0ZaYScoPH5OGqL7NAs1J1gACLcBGAsYHQ/w680/cs-28-aim_headshot-2.jpg]
[www.cspira.com.br/2021/01/mapa-csrio-cspira.html]
[1.bp.blogspot.com/-7D-drLCWXy4/X_cmQbacE7I/AAAAAAAACRI/x75hXVZxTlY5yRD7NZWtBUsyIBEgw7dIACLcBGAsYHQ/w680/csrio.jpg]
[www.cspira.com.br/2020/12/mapa-deevogaming-cspira.html]
[1.bp.blogspot.com/-qJeZAY6lYBo/X-feNctm5KI/AAAAAAAACLY/EZqULBpFzA4kiH60j8Ek_-pKeqgrQD9agCLcBGAsYHQ/w680/De_EvoGaming.png]
[www.cspira.com.br/2020/12/mapa-fypoolday-para-cs-16.html]
[1.bp.blogspot.com/-481Mtb8-iOE/X-fgw7pVRdI/AAAAAAAACLs/Ycmy54d3bR4jIm7YSpPzRklrn6EpvwpcACLcBGAsYHQ/w680/fy_pool_day.jpg]
[www.cspira.com.br/2020/12/mapa-awpindia-cspira.html]
[1.bp.blogspot.com/-OdZ33hgwjyM/X-ff2vxAU7I/AAAAAAAACLk/Mrdyxbxk_ygThZ-PHiQIWBBSTNMpwumyQCLcBGAsYHQ/w680/awp_india (1).jpg]
[www.cspira.com.br/search/label/Mapas.html]
[www.cspira.com.br/search/label/Mapasef64.html]
[www.cspira.com.br/2021/01/plugin-selecao-de-equipe-cspira.html]
[1.bp.blogspot.com/-4OzBeUTRd4M/YAsCz7MdU7I/AAAAAAAACUM/BxZjDN1TpL4hUabaoPrUeycIEdGBBEs9gCLcBGAsYHQ/w680/CSPiraEquipe.jpg]
[www.cspira.com.br/2021/01/plugin-hs-efeito-cspira.html]
[1.bp.blogspot.com/-RsYfSqtnOBg/X_yrH4XU84I/AAAAAAAACTk/xmOiaJVlgxAW6nbl4cenB9d_5e8CAILtQCLcBGAsYHQ/w680/cspirahs2.jpg]
[www.cspira.com.br/2021/01/plugin-hs-tela-vermelha-cspira.html]
[1.bp.blogspot.com/-wsXn5eUYsOg/X_vFNQP9N7I/AAAAAAAACTU/fD8h4OTD2QQrG2H0sXlgznLKoye6aHZwwCLcBGAsYHQ/w680/cspirahescream.jpg]
[www.cspira.com.br/2021/01/plugin-round-money-cspira.html]
[1.bp.blogspot.com/-bqg_Ch9oREk/X_vA_nebT9I/AAAAAAAACTI/NHgwq9cceUMOK6nlMFDpshcO3ladnaW8QCLcBGAsYHQ/w680/money.jpg]
[www.cspira.com.br/2021/01/plugin-melhor-do-round-cspira.html]
[1.bp.blogspot.com/-xJjZ__KwO70/X_u-xqE3NOI/AAAAAAAACS8/vaQARhmL1aUk7i1gu6bcSvqOIERr6mu0ACLcBGAsYHQ/w680/melhorround.jpg]
[www.cspira.com.br/2021/01/plugin-reset-score-cspira.html]
[1.bp.blogspot.com/-Oo3cxL6cQm8/X_u8L7ODNxI/AAAAAAAACSo/o9JvMtNUaek86o9S7Y174AnPUaxWhTw-wCLcBGAsYHQ/w680/cspira rs.jpg]
[www.cspira.com.br/2020/12/plugin-sounds-by-silvio-santos-cspira.html]
[1.bp.blogspot.com/-RdsN3_gwtY0/X-lQG-m4iZI/AAAAAAAACNw/jvbUL0KyD1QrheIs-_3qXY5BCyAvBRDUACLcBGAsYHQ/w680/cspira.jpg]
[www.cspira.com.br/search/label/Plugins.html]
[www.cspira.com.br/search/label/Plugins48fb.html]
[www.cspira.com.br/search/label/Progamas.html]
[www.cspira.com.br/search/label/Progamas6528.html]
[www.cspira.com.br/2020/12/skin-ak-47-blood-cspira.html]
[1.bp.blogspot.com/-77G3D6Qi0O4/X-6rWzNq7KI/AAAAAAAACPs/bxHx7mx4lx87zUtfws4NwKIwNXRHPUoswCLcBGAsYHQ/w680/AK47BLOOD.jpg]
[www.cspira.com.br/2020/12/skin-c4-ipad-cspira.html]
[1.bp.blogspot.com/-XDb_KSOeOlY/X-4402hqVBI/AAAAAAAACPg/lOrP0BtODuM2gJWbzeZOURA_cnrMYc72gCLcBGAsYHQ/w680/C4CSPiraIPAD.jpg]
[www.cspira.com.br/2020/12/skin-m4a1-gold-cspira.html]
[1.bp.blogspot.com/-uMjxKvFYqMY/X-41Weu1qaI/AAAAAAAACPU/2H-miEeMsyglYimCxvdooqxSPrw-l_OdQCLcBGAsYHQ/w680/Skin Good cspira.jpg]
[www.cspira.com.br/2020/12/skin-m4a1-skull-blood-cspira.html]
[1.bp.blogspot.com/-KZUN8g-yQBY/X-40V5dISvI/AAAAAAAACPM/WOMHMtwl_SYH59kC0v4ge802DF1guMsvQCLcBGAsYHQ/w680/m41blood.jpg]
[www.cspira.com.br/2020/12/skin-m4a1-sangue-cspira.html]
[1.bp.blogspot.com/-BQ25KysXja0/X-4zEQZvPGI/AAAAAAAACPA/cNYWKdHCNOs-zTZnb-gO4khYEyRo2fV9gCLcBGAsYHQ/w680/m4sangue skin.jpg]
[www.cspira.com.br/2020/12/skin-m4a1-emo-cspira.html]
[1.bp.blogspot.com/-QCIriRtnczA/X-4xsb_voXI/AAAAAAAACO0/AsJeVHVH02sN3jWpJNigeUdPEzOODqD5ACLcBGAsYHQ/w680/Skins.jpg]
[www.cspira.com.br/2020/12/skin-m4a1-redline-cspira.html]
[1.bp.blogspot.com/-cu48QwPJMRw/X-1NKaBJjSI/AAAAAAAACOo/fiCTkfR7fqEEzoW5BrlQF6e-gfaomk3HACLcBGAsYHQ/w680/25832241.jpg]
[www.cspira.com.br/2020/12/skin-deagle-alexandria-cspira.html]
[1.bp.blogspot.com/-KY6gFMV-8M8/X-1Al2_6QFI/AAAAAAAACOU/i6n7YHC_JXYIdHcXRhC4Gi46BMZAfftTQCLcBGAsYHQ/w680/deagle1.jpg]
[www.cspira.com.br/2020/12/skins-razer-pack-cspira.html]
[1.bp.blogspot.com/-p22dH-ydWR0/X-Z-f2kPhyI/AAAAAAAACKI/vtcfwZTwqG8FW4QO1InH9gw9nFwZHZzUACLcBGAsYHQ/w680/ak471.png]
[www.cspira.com.br/2020/12/skin-ak47-arctic-para-cs-16.html]
[1.bp.blogspot.com/-srexTuUw1tY/X-Z5uoLs_-I/AAAAAAAACJ0/eSdyQtEXg6oZWIiCXVk3gPHbMKgYWBaqwCLcBGAsYHQ/w680/AK-47_Arctic_CS16.jpg]
[www.cspira.com.br/2020/12/skin-m4a1-high-voltage-god-hd-para-cs-16.html]
[1.bp.blogspot.com/-80VnHZ5tPwk/X-Z38hRgCKI/AAAAAAAACJo/smBngIvFmUcUstBqycXbZm3mIH9M3jZEwCLcBGAsYHQ/w680/M4A1_High_Voltage_God_CS16.jpg]
[www.cspira.com.br/2020/12/skin-m4a1-s-reformer-para-cs-16.html]
[1.bp.blogspot.com/-pp2O40sjLnE/X-ZTU56H6lI/AAAAAAAACI8/a53nZ1NfIyc1SHLy2qRAnO4GtYnJ-CL0ACLcBGAsYHQ/w680/1573418702_m4a1-s_reformer.jpg]
[www.cspira.com.br/2020/12/skin-ak-47-cerberus-para-cs-16.html]
[1.bp.blogspot.com/-QQkuhWqaxes/X-YZ2KXr3dI/AAAAAAAACIg/pf8R5DmD1y8pQi0M0Vh8wZG87miR39vXACLcBGAsYHQ/w680/1573080723_ak47_hell_hound.jpg]
[www.cspira.com.br/2020/12/skin-ak-47-rat-rod-cspira.html]
[1.bp.blogspot.com/-34aEhRHNkEE/X-YYQKxWBPI/AAAAAAAACIU/nddwOjz_GKU3egDZHGNseJneO-4UYyJjwCLcBGAsYHQ/w680/1576503400_ak47_neon_revolution2.jpg]
[www.cspira.com.br/2020/12/awp-flaming-hot-sniper-para-cs-16.html]
[1.bp.blogspot.com/-N6WfgiWgWek/X-VzHaNV5oI/AAAAAAAACG8/dEXWXMp2igktkPk1TRW-esUPOTqcD7Q9gCLcBGAsYHQ/w680/1556456720_1.jpg]
[www.cspira.com.br/2020/12/skin-awp-silent-killer-hd-cspira.html]
[1.bp.blogspot.com/-bhbic_ARx44/X-ViyQLZb8I/AAAAAAAACGo/S2t9ANdf6pE-qae9VmxA5ZCtN2fA2OKPQCLcBGAsYHQ/w680/1573420449_awp-silent-killer.jpg]
[www.cspira.com.br/search/label/Skins Armas.html]
[www.cspira.com.br/search/label/Skins Armas8b0b.html]
[www.cspira.com.br/2021/01/skins-rebecca-e-ace-cspira.html]
[1.bp.blogspot.com/-QPrYKmQTbDM/X_uvjMN8b0I/AAAAAAAACSc/r0q_eeDwyYg6TFNbzHmv6EYYu0u5i9MbACLcBGAsYHQ/w680/Skins cs1.6 CSPira.jpg]
[www.cspira.com.br/2020/12/skins-pack-adm-cspira.html]
[1.bp.blogspot.com/-NM9uRXGso1Q/X-kvmNJquAI/AAAAAAAACNI/qcpHCz7RyAE4yBvDAXqlXnYYXKSoitdlgCLcBGAsYHQ/w680/supremo tr.jpg]
[www.cspira.com.br/2020/12/pack-skins-players-payday.html]
[1.bp.blogspot.com/-ydlOlsaPZe4/X-QJXo04_WI/AAAAAAAACEM/RDapbrze2Ig2oCia5AZGd09XgYP1LarXACLcBGAsYHQ/w680/payday-robbers.jpg]
[www.cspira.com.br/2020/12/melhores-skins-de-adm-jokerv2-para-o.html]
[1.bp.blogspot.com/-Aur7U54ZmiM/X-DZeolch4I/AAAAAAAACCw/dbtpQUV_2ZgKptUNbUibsS81QmzqvcZYQCLcBGAsYHQ/w680/JokerCspiraV2.jpg]
[www.cspira.com.br/2020/12/skin-adm-joker.html]
[1.bp.blogspot.com/-Z7RXXZ8fPVE/X-DSlj9XncI/AAAAAAAACBY/TZa8ymIWwuMvxIUQSCpVwHWJiJJxCCgXQCLcBGAsYHQ/w680/51788a92f079a.jpg]
[www.cspira.com.br/2020/12/skin-carl-johnson-cs16.html]
[1.bp.blogspot.com/-iiiJ0ga9c34/X-DPBu0Fj-I/AAAAAAAACAw/rvPbib3RD6gi-_bbH-4yHwz1AeJH69kXACLcBGAsYHQ/w680/skincspira.jpg]
[www.cspira.com.br/search/label/Skins Players.html]
[www.cspira.com.br/search/label/Skins Playersc24f.html]
[www.cspira.com.br/search/label/Tutoriais.html]
[www.cspira.com.br/search/label/Tutoriaisb44c.html]
[www.cspira.com.br/2020/12/dproto-clientes-p47-e-48.html]
[1.bp.blogspot.com/-IK7rhW5oc4I/X-DXDLBqqpI/AAAAAAAACCM/eLexv-n4bDQ-ARWFl33LnG85cFl3BTezQCLcBGAsYHQ/w680/dproto-capa.jpg]
[www.cspira.com.br/search/label/Utilitarios.html]
[www.cspira.com.br/search/label/Utilitarios5674.html]
[sites.google.com/site/blogcommentssg/_/rsrc/1656575540000/system/app/images/spinner.gif]
[www.gstatic.com/images/branding/product/1x/atari_24dp.png]
[www.gstatic.com/images/branding/product/1x/sites_24dp.png]
[sites.google.com/site/blogcommentssg/_/rsrc/1656575540000/system/app/images/camelot.png]
[sites.google.com/site/blogcommentssg/_/rsrc/1656575540000/system/app/css/camelot/dashboard.css]
[sites.google.com/site/blogcommentssg/_/rsrc/1656575540000/system/app/css/camelot/error.css]
[sites.google.com/site/bloggecomments/_/rsrc/1656575540000/system/app/images/spinner.gif]
[sites.google.com/site/bloggecomments/_/rsrc/1656575540000/system/app/images/camelot.png]
[sites.google.com/site/bloggecomments/_/rsrc/1656575540000/system/app/css/camelot/dashboard.css]
[sites.google.com/site/bloggecomments/_/rsrc/1656575540000/system/app/css/camelot/error.css]
[www.blogger.com/dyn-css/authorizationac43.css]
[www.cspira.com.br/search/label/CS Online.html]
[www.cspira.com.br/search/label/CS Onlinee569.html]
[www.cspira.com.br/search/label/Counter-strike 1.html]
[www.cspira.com.br/search/label/Addons4e4f.html]
[www.cspira.com.br/search/label/Counter-strike 132b7.html]
[www.cspira.com.br/feeds/5628485947729138238/comments/default]
[1.bp.blogspot.com/-l38so62A8v8/X-VG9ErWHzI/AAAAAAAACE4/JegzVdiTS2cHNir_GYx9mUmorjHGlpPdACLcBGAsYHQ/s386/Screenshot_18.jpg]
[1.bp.blogspot.com/-l38so62A8v8/X-VG9ErWHzI/AAAAAAAACE4/JegzVdiTS2cHNir_GYx9mUmorjHGlpPdACLcBGAsYHQ/s320/Screenshot_18.jpg]
[www.cspira.com.br/2020/12/addons-pug-mix-cs16-cspira.html]
[www.cspira.com.br/feeds/6355115358616774807/comments/default]
[1.bp.blogspot.com/-k1qITZoXgk8/X-VEo70uhcI/AAAAAAAACEk/eFFPhecfqj4dpujEPBiMaoGiFTLcJfBWwCLcBGAsYHQ/s399/dm2.gif]
[1.bp.blogspot.com/-k1qITZoXgk8/X-VEo70uhcI/AAAAAAAACEk/eFFPhecfqj4dpujEPBiMaoGiFTLcJfBWwCLcBGAsYHQ/s320/dm2.gif]
[1.bp.blogspot.com/-omY9fCjr8IY/X-VEmPfL7sI/AAAAAAAACEg/1C6bpF1yU1sfOpAdqnUTLO0pbJz1NEoigCLcBGAsYHQ/s400/dm1.gif]
[1.bp.blogspot.com/-omY9fCjr8IY/X-VEmPfL7sI/AAAAAAAACEg/1C6bpF1yU1sfOpAdqnUTLO0pbJz1NEoigCLcBGAsYHQ/s320/dm1.gif]
[www.cspira.com.br/2020/12/addons-cs-dm-death-match-cspira.html]
[www.cspira.com.br/search/label/Addons6916.html]
[www.cspira.com.br/2021/02/divugue-seu-servidor-aqui8bf9.html]
[www.cspira.com.br/2021/02/divugue-seu-servidor-aqui7888.html]
[www.cspira.com.br/2021/02/divugue-seu-servidor-aqui80bb.html]
[www.cspira.com.br/2021/02/divugue-seu-servidor-aquieb86.html]
[www.cspira.com.br/2021/02/divugue-seu-servidor-aqui5090.html]
[www.cspira.com.br/2021/02/divugue-seu-servidor-aquid8f6.html]
[www.cspira.com.br/2021/02/divugue-seu-servidor-aqui0b53.html]
[www.cspira.com.br/2021/02/divugue-seu-servidor-aqui42d5.html]
[www.cspira.com.br/2021/02/divugue-seu-servidor-aquia9a7.html]
[www.cspira.com.br/search/label/Addons8bb8.html]
[www.cspira.com.br/2021/02/divugue-seu-servidor-aquic7d6.html]
[www.cspira.com.br/2021/02/divugue-seu-servidor-aqui0afd.html]
[www.cspira.com.br/2021/02/divugue-seu-servidor-aqui87e6.html]
[www.cspira.com.br/2021/02/divugue-seu-servidor-aquiec59.html]
[www.cspira.com.br/2021/02/divugue-seu-servidor-aqui8c87.html]
[www.cspira.com.br/2021/02/divugue-seu-servidor-aqui5f05.html]
[www.cspira.com.br/2021/02/divugue-seu-servidor-aqui10d2.html]
[www.cspira.com.br/2021/02/divugue-seu-servidor-aqui509a.html]
[www.cspira.com.br/2021/02/divugue-seu-servidor-aqui5766.html]
[www.cspira.com.br/2021/02/divugue-seu-servidor-aquiddbc.html]
[www.cspira.com.br/2021/02/divugue-seu-servidor-aqui1507.html]
[www.cspira.com.br/2021/02/divugue-seu-servidor-aquib814.html]
[www.cspira.com.br/2021/02/divugue-seu-servidor-aqui65e9.html]
[www.cspira.com.br/2021/02/divugue-seu-servidor-aqui4fe8.html]
[www.cspira.com.br/2021/02/divugue-seu-servidor-aqui7ccc.html]
[www.cspira.com.br/2021/02/divugue-seu-servidor-aqui253e.html]
[www.cspira.com.br/2021/02/divugue-seu-servidor-aquia8cc.html]
[www.cspira.com.br/2021/02/divugue-seu-servidor-aqui8068.html]
[www.cspira.com.br/2021/02/divugue-seu-servidor-aqui5bc5.html]
[www.cspira.com.br/feeds/7801861524323449137/comments/default]
[1.bp.blogspot.com/-AtOMgr0kFwc/YFQZGWReMdI/AAAAAAAACbU/f4CZUvO-q54u-R7pUQZ8F83DdwcDLBOzgCLcBGAsYHQ/s596/rankfaca04.jpg]
[1.bp.blogspot.com/-AtOMgr0kFwc/YFQZGWReMdI/AAAAAAAACbU/f4CZUvO-q54u-R7pUQZ8F83DdwcDLBOzgCLcBGAsYHQ/s320/rankfaca04.jpg]
[1.bp.blogspot.com/-r-lngNSxCKk/YFQT7Eoi2fI/AAAAAAAACbA/c2a6qfkzRSguP5ZhFszDn5eCfnuKq3TsgCLcBGAsYHQ/s904/rankfaca01.jpg]
[1.bp.blogspot.com/-r-lngNSxCKk/YFQT7Eoi2fI/AAAAAAAACbA/c2a6qfkzRSguP5ZhFszDn5eCfnuKq3TsgCLcBGAsYHQ/s320/rankfaca01.jpg]
[1.bp.blogspot.com/-hYZwcY_UJAk/YFQT7PbSdBI/AAAAAAAACa4/oIcbZ2Ux_8kJQ7LG0mG43Ghq6Z33ulxCQCLcBGAsYHQ/s570/rankfaca02.jpg]
[1.bp.blogspot.com/-hYZwcY_UJAk/YFQT7PbSdBI/AAAAAAAACa4/oIcbZ2Ux_8kJQ7LG0mG43Ghq6Z33ulxCQCLcBGAsYHQ/s320/rankfaca02.jpg]
[1.bp.blogspot.com/-cnnmxmwY_Wg/YFQT7F-Lv2I/AAAAAAAACa8/6tzOmxF1FmAEyMVwnvNdW0Oyo_ZsgDaUwCLcBGAsYHQ/s827/rankfaca03.jpg]
[1.bp.blogspot.com/-cnnmxmwY_Wg/YFQT7F-Lv2I/AAAAAAAACa8/6tzOmxF1FmAEyMVwnvNdW0Oyo_ZsgDaUwCLcBGAsYHQ/s320/rankfaca03.jpg]
[1.bp.blogspot.com/-Miw4-1GjgcE/YFQT78wKkXI/AAAAAAAACbE/PhtffobRQlc-UZHLIQOzqMQ2r-AL2HuEwCLcBGAsYHQ/s1312/topfaca.jpg]
[1.bp.blogspot.com/-Miw4-1GjgcE/YFQT78wKkXI/AAAAAAAACbE/PhtffobRQlc-UZHLIQOzqMQ2r-AL2HuEwCLcBGAsYHQ/w320-h234/topfaca.jpg]
[www.cspira.com.br/2021/03/plugin-top-10-facas-rank-de-facasb1cd.html]
[www.cspira.com.br/2021/03/plugin-top-10-facas-rank-de-facas.html]
[www.cspira.com.br/search1c7b.html]
[www.cspira.com.br/2021/03/plugin-top-10-facas-rank-de-facas0937.html]
[www.cspira.com.br/feeds/5856915808409880291/comments/default]
[1.bp.blogspot.com/-pv3ELiIDN98/YWL2srWRAOI/AAAAAAAAC50/5E50jPnaRyUsvyl7kqFsS2yMbDi-qDCWgCLcBGAsYHQ/s1289/plugin cs1.6.jpg]
[1.bp.blogspot.com/-pv3ELiIDN98/YWL2srWRAOI/AAAAAAAAC50/5E50jPnaRyUsvyl7kqFsS2yMbDi-qDCWgCLcBGAsYHQ/w640-h488/plugin cs1.6.jpg]
[www.cspira.com.br/2021/10/plugin-bot-spect-v11.html]
[www.cspira.com.br/feeds/3156597216478327763/comments/default]
[1.bp.blogspot.com/-nq4v7fmULxY/YVuq5ogFs5I/AAAAAAAAC44/TjmAhYDwSiIW6veTnOg4FBhw7RuXucLhACLcBGAsYHQ/s1400/cs1.6.jpg]
[1.bp.blogspot.com/-nq4v7fmULxY/YVuq5ogFs5I/AAAAAAAAC44/TjmAhYDwSiIW6veTnOg4FBhw7RuXucLhACLcBGAsYHQ/w640-h194/cs1.6.jpg]
[www.cspira.com.br/2021/10/pacote-de-granadas-para-cs16.html]
[www.cspira.com.br/feeds/4845870245898282248/comments/default]
[1.bp.blogspot.com/-ZAF4lQc1j6M/YVtWYVhsBTI/AAAAAAAAC4g/msTQ10lStTAPHkD5kEOleOBQ0If2bEECQCLcBGAsYHQ/w400-h238/alerquina.jpg]
[www.cspira.com.br/2021/10/skin-girls-alerquina.html]
[www.cspira.com.br/feeds/8291106387510701618/comments/default]
[1.bp.blogspot.com/-ChEO5AkmYIQ/YVtT420W9JI/AAAAAAAAC4Q/tJBHNK6cWcEyhbYdlP8QIXUWTavD3jo4gCLcBGAsYHQ/w320-h264/ct.png]
[1.bp.blogspot.com/-TDdXF6omh0w/YVtT5DcMuxI/AAAAAAAAC4U/CcIaKG__8LchtlUukzTqx6Rvmik5FWiVwCLcBGAsYHQ/w317-h263/Terror.jpg]
[www.cspira.com.br/2021/10/skins-adms-esqueletos.html]
[www.cspira.com.br/feeds/784524613042900015/comments/default]
[1.bp.blogspot.com/-3LtB2HCzPqg/YUGasXGABBI/AAAAAAAAC0k/kl9nfdncGukPgJE4GWSkZ8eOWzw9DuMywCLcBGAsYHQ/s16000/master.jpg]
[www.cspira.com.br/2021/09/counter-strike-16-classice262.html]
[www.cspira.com.br/2021/09/counter-strike-16-classic.html]
[www.cspira.com.br/2021/09/counter-strike-16-classic4607.html]
[www.cspira.com.br/feeds/1492049858226714087/comments/default]
[1.bp.blogspot.com/-wz9Y1L8DF6Q/YSc4xbuFRkI/AAAAAAAACzk/6JtMId5qDgMXq54Hhpoxe63XEARrhhsNQCLcBGAsYHQ/s320/get_image_large.jpg]
[www.cspira.com.br/2021/08/jeds-half-life-model-viewer.html]
[www.cspira.com.br/feeds/1978163644231547647/comments/default]
[1.bp.blogspot.com/-kHc96VlsDQ4/YScznsr6ZNI/AAAAAAAACzU/5VzxCmMwPiUWphJwM48BgmGr1RPW1-UNACLcBGAsYHQ/s320/vipterror.jpg]
[1.bp.blogspot.com/-mdSd89SKT_w/YSczog4mcKI/AAAAAAAACzY/lAlL_G4pffAO8sqCDES_gdeMOmI4NfJaACLcBGAsYHQ/s320/vipterror01.jpg]
[1.bp.blogspot.com/-7XwEdmaU_K0/YScznku1j_I/AAAAAAAACzQ/qmcjdSxw4DQbyreodixbst_C5jEmfhD_ACLcBGAsYHQ/s320/vipct01.jpg]
[1.bp.blogspot.com/-nSxJV3Xj4OM/YScznlZYPrI/AAAAAAAACzM/VzGoJnFuZY8c4PL3rVEc8GVTz1KrZDK9gCLcBGAsYHQ/s320/vipct.jpg]
[www.cspira.com.br/2021/08/modelo-skin-vip-ct-e-tr.html]
[www.cspira.com.br/feeds/8637931376182635209/comments/default]
[1.bp.blogspot.com/-2IA6yZ_nC50/YJRBdAxbDJI/AAAAAAAACsE/uxXHgX7c4wwNJ5n-V__mobzBQWogxNGhACLcBGAsYHQ/s378/aguard.png]
[1.bp.blogspot.com/-2IA6yZ_nC50/YJRBdAxbDJI/AAAAAAAACsE/uxXHgX7c4wwNJ5n-V__mobzBQWogxNGhACLcBGAsYHQ/s320/aguard.png]
[www.cspira.com.br/2021/05/aguard-anti-cheat.html]
[www.cspira.com.br/feeds/2753480399374863689/comments/default]
[1.bp.blogspot.com/-SQcQ2I0mcL8/YJQ_VY52x-I/AAAAAAAACr4/uLywW51IRiYhHD1yKvbQt5GDtzthT4o8gCLcBGAsYHQ/s250/unnamed.png]
[1.bp.blogspot.com/-SQcQ2I0mcL8/YJQ_VY52x-I/AAAAAAAACr4/uLywW51IRiYhHD1yKvbQt5GDtzthT4o8gCLcBGAsYHQ/s0/unnamed.png]
[www.cspira.com.br/2021/05/introducao-uac-united-anti-cheat-e-um.html]
[www.cspira.com.br/feeds/1387037906013361629/comments/default]
[1.bp.blogspot.com/-GGotOFIBqtg/YHzsghaMMEI/AAAAAAAACkA/qWTVG1SroUwxCO1XG5r6_lzLsNS21nAmACLcBGAsYHQ/s1403/fragresetfaca.jpg]
[1.bp.blogspot.com/-GGotOFIBqtg/YHzsghaMMEI/AAAAAAAACkA/qWTVG1SroUwxCO1XG5r6_lzLsNS21nAmACLcBGAsYHQ/s320/fragresetfaca.jpg]
[www.cspira.com.br/2021/04/plugin-knife-reset-frag.html]
[www.cspira.com.br/feeds/2255036161563309990/comments/default]
[1.bp.blogspot.com/-0-412lAW_Kk/YDKY_RzXtFI/AAAAAAAACX0/EvdZ0s_CrRowkReB1WeQ7ejaX_R1mZpjgCLcBGAsYHQ/s320/CSPIRAFLASH.jpg]
[1.bp.blogspot.com/-GvZ8rThSffQ/YDKY_eK5LGI/AAAAAAAACX4/yqzNP4ap7KY90PnHWxSEOOAjsOl8B_vfwCLcBGAsYHQ/s467/CSPIRAHE.jpg]
[1.bp.blogspot.com/-GvZ8rThSffQ/YDKY_eK5LGI/AAAAAAAACX4/yqzNP4ap7KY90PnHWxSEOOAjsOl8B_vfwCLcBGAsYHQ/s320/CSPIRAHE.jpg]
[1.bp.blogspot.com/-udyslKPXdAo/YDKY_RaiPHI/AAAAAAAACX8/0DTfir7xjxgfgQ4IQZwKE1v-qwml04CewCLcBGAsYHQ/s496/CSPIRASMOK.jpg]
[1.bp.blogspot.com/-udyslKPXdAo/YDKY_RaiPHI/AAAAAAAACX8/0DTfir7xjxgfgQ4IQZwKE1v-qwml04CewCLcBGAsYHQ/s320/CSPIRASMOK.jpg]
[www.cspira.com.br/2021/02/plugin-fire-in-role.html]
[www.cspira.com.br/feeds/4747536623708950078/comments/default]
[1.bp.blogspot.com/-Am3zt-aADwQ/YDKUE0TeYjI/AAAAAAAACXc/HeezayE-FJsFOIzkJ8oUPBzC3vZR0n7xQCLcBGAsYHQ/s1404/Menu4FunArmas.jpg]
[1.bp.blogspot.com/-Am3zt-aADwQ/YDKUE0TeYjI/AAAAAAAACXc/HeezayE-FJsFOIzkJ8oUPBzC3vZR0n7xQCLcBGAsYHQ/s320/Menu4FunArmas.jpg]
[www.cspira.com.br/2021/02/plugin-menu-4fun-armas-v11.html]
[www.cspira.com.br/feeds/3158840410775502503/comments/default]
[1.bp.blogspot.com/-be9MvF0IYMs/YCK50etomiI/AAAAAAAACV8/RM0tdGoHNTQneayFRlFk-ya0Mlt8t107QCLcBGAsYHQ/s783/cs-fast-sniper.jpg]
[1.bp.blogspot.com/-be9MvF0IYMs/YCK50etomiI/AAAAAAAACV8/RM0tdGoHNTQneayFRlFk-ya0Mlt8t107QCLcBGAsYHQ/s320/cs-fast-sniper.jpg]
[www.cspira.com.br/2021/02/plugin-sniper-fast3073.html]
[www.cspira.com.br/2021/02/plugin-sniper-fast9b25.html]
[www.cspira.com.br/2021/02/plugin-sniper-fast.html]
[www.cspira.com.br/2021/02/plugin-sniper-fastbe64.html]
[www.cspira.com.br/search1569.html]
[www.cspira.com.br/searchc089.html]
[www.cspira.com.br/search3502.html]
[www.cspira.com.br/2020/12/cspira.html]
[www.cspira.com.br/2020/12/addons-4fun491e.html]
[www.cspira.com.br/2020/12/addons-4fun48db.html]
[www.cspira.com.br/search5763.html]
[www.cspira.com.br/search/label/Addons32fc.html]
[www.cspira.com.br/search/label/Addons23ea.html]
[www.cspira.com.br/search/label/AntiCheat6528.html]
[www.cspira.com.br/search/label/AntiCheat46e8.html]
[www.cspira.com.br/feeds/2797813096942744204/comments/default]
[1.bp.blogspot.com/-mV3Dg_9S670/X-CPIh8-qnI/AAAAAAAAB_Y/5oF0HKanr7AOC9HUeQaBAQklk17G5vzCQCLcBGAsYHQ/s680/cspiraclassico.jpg]
[1.bp.blogspot.com/-mV3Dg_9S670/X-CPIh8-qnI/AAAAAAAAB_Y/5oF0HKanr7AOC9HUeQaBAQklk17G5vzCQCLcBGAsYHQ/s320/cspiraclassico.jpg]
[www.cspira.com.br/2020/12/boost-server-counter-strike-16.html]
[www.cspira.com.br/search/label/Boostb44c.html]
[www.cspira.com.br/search/label/Boost0fd1.html]
[www.cspira.com.br/search/label/CS 1e569.html]
[www.cspira.com.br/search/label/CS 17f56.html]
[www.cspira.com.br/search/label/Jogos PC7850.html]
[www.cspira.com.br/search/label/Jogos PCe173.html]
[www.cspira.com.br/feeds/5962361440109941606/comments/default]
[1.bp.blogspot.com/-Dajz5Ff9dsE/YBzV0hF7g_I/AAAAAAAACU8/NzMf3PPvXEAfqm3LMFSE_2enPwg6cWaogCLcBGAsYHQ/s300/61792.jpg]
[1.bp.blogspot.com/-Dajz5Ff9dsE/YBzV0hF7g_I/AAAAAAAACU8/NzMf3PPvXEAfqm3LMFSE_2enPwg6cWaogCLcBGAsYHQ/s0/61792.jpg]
[www.cspira.com.br/2021/02/mapa-dedust2fundoextreme-cspira.html]
[www.cspira.com.br/feeds/4621544844888002443/comments/default]
[1.bp.blogspot.com/-yMtfNauoxv4/YBzUPTcq0mI/AAAAAAAACUw/Z2IEw2Yk9P0ZaYScoPH5OGqL7NAs1J1gACLcBGAsYHQ/s800/cs-28-aim_headshot-2.jpg]
[1.bp.blogspot.com/-yMtfNauoxv4/YBzUPTcq0mI/AAAAAAAACUw/Z2IEw2Yk9P0ZaYScoPH5OGqL7NAs1J1gACLcBGAsYHQ/s320/cs-28-aim_headshot-2.jpg]
[www.cspira.com.br/2021/02/mapa-aimheadshot-cspira.html]
[www.cspira.com.br/feeds/3869760499676414932/comments/default]
[1.bp.blogspot.com/-7D-drLCWXy4/X_cmQbacE7I/AAAAAAAACRI/x75hXVZxTlY5yRD7NZWtBUsyIBEgw7dIACLcBGAsYHQ/s1147/csrio.jpg]
[1.bp.blogspot.com/-7D-drLCWXy4/X_cmQbacE7I/AAAAAAAACRI/x75hXVZxTlY5yRD7NZWtBUsyIBEgw7dIACLcBGAsYHQ/s320/csrio.jpg]
[www.cspira.com.br/2021/01/mapa-csrio-cspira.html]
[www.cspira.com.br/feeds/5831720810859379057/comments/default]
[1.bp.blogspot.com/-qJeZAY6lYBo/X-feNctm5KI/AAAAAAAACLY/EZqULBpFzA4kiH60j8Ek_-pKeqgrQD9agCLcBGAsYHQ/s160/De_EvoGaming.png]
[1.bp.blogspot.com/-qJeZAY6lYBo/X-feNctm5KI/AAAAAAAACLY/EZqULBpFzA4kiH60j8Ek_-pKeqgrQD9agCLcBGAsYHQ/w320-h168/De_EvoGaming.png]
[www.cspira.com.br/2020/12/mapa-deevogaming-cspira.html]
[www.cspira.com.br/feeds/8650032921628431070/comments/default]
[1.bp.blogspot.com/-481Mtb8-iOE/X-fgw7pVRdI/AAAAAAAACLs/Ycmy54d3bR4jIm7YSpPzRklrn6EpvwpcACLcBGAsYHQ/s640/fy_pool_day.jpg]
[1.bp.blogspot.com/-481Mtb8-iOE/X-fgw7pVRdI/AAAAAAAACLs/Ycmy54d3bR4jIm7YSpPzRklrn6EpvwpcACLcBGAsYHQ/s320/fy_pool_day.jpg]
[www.cspira.com.br/2020/12/mapa-fypoolday-para-cs-16.html]
[www.cspira.com.br/feeds/1069978435363426494/comments/default]
[1.bp.blogspot.com/-OdZ33hgwjyM/X-ff2vxAU7I/AAAAAAAACLk/Mrdyxbxk_ygThZ-PHiQIWBBSTNMpwumyQCLcBGAsYHQ/s640/awp_india (1).jpg]
[1.bp.blogspot.com/-OdZ33hgwjyM/X-ff2vxAU7I/AAAAAAAACLk/Mrdyxbxk_ygThZ-PHiQIWBBSTNMpwumyQCLcBGAsYHQ/s320/awp_india (1).jpg]
[www.cspira.com.br/2020/12/mapa-awpindia-cspira.html]
[www.cspira.com.br/search/label/Mapasef64.html]
[www.cspira.com.br/search/label/Mapas9ab6.html]
[www.cspira.com.br/feeds/686900246534483331/comments/default]
[1.bp.blogspot.com/-4OzBeUTRd4M/YAsCz7MdU7I/AAAAAAAACUM/BxZjDN1TpL4hUabaoPrUeycIEdGBBEs9gCLcBGAsYHQ/s1397/CSPiraEquipe.jpg]
[1.bp.blogspot.com/-4OzBeUTRd4M/YAsCz7MdU7I/AAAAAAAACUM/BxZjDN1TpL4hUabaoPrUeycIEdGBBEs9gCLcBGAsYHQ/s320/CSPiraEquipe.jpg]
[www.cspira.com.br/2021/01/plugin-selecao-de-equipe-cspira.html]
[www.cspira.com.br/feeds/1627180041722190644/comments/default]
[1.bp.blogspot.com/-RsYfSqtnOBg/X_yrH4XU84I/AAAAAAAACTk/xmOiaJVlgxAW6nbl4cenB9d_5e8CAILtQCLcBGAsYHQ/s1413/cspirahs2.jpg]
[1.bp.blogspot.com/-RsYfSqtnOBg/X_yrH4XU84I/AAAAAAAACTk/xmOiaJVlgxAW6nbl4cenB9d_5e8CAILtQCLcBGAsYHQ/w320-h227/cspirahs2.jpg]
[1.bp.blogspot.com/-7wD_IhoG0jM/X_yrEVbzhnI/AAAAAAAACTg/KoedRmbrDnECXGeGg0jN5SF-k9jOrKCNQCLcBGAsYHQ/s1412/hs.jpg]
[1.bp.blogspot.com/-7wD_IhoG0jM/X_yrEVbzhnI/AAAAAAAACTg/KoedRmbrDnECXGeGg0jN5SF-k9jOrKCNQCLcBGAsYHQ/s320/hs.jpg]
[www.cspira.com.br/2021/01/plugin-hs-efeito-cspira.html]
[www.cspira.com.br/feeds/2328567779663636012/comments/default]
[1.bp.blogspot.com/-wsXn5eUYsOg/X_vFNQP9N7I/AAAAAAAACTU/fD8h4OTD2QQrG2H0sXlgznLKoye6aHZwwCLcBGAsYHQ/s794/cspirahescream.jpg]
[1.bp.blogspot.com/-wsXn5eUYsOg/X_vFNQP9N7I/AAAAAAAACTU/fD8h4OTD2QQrG2H0sXlgznLKoye6aHZwwCLcBGAsYHQ/s320/cspirahescream.jpg]
[www.cspira.com.br/2021/01/plugin-hs-tela-vermelha-cspira.html]
[www.cspira.com.br/feeds/158650426750374577/comments/default]
[1.bp.blogspot.com/-bqg_Ch9oREk/X_vA_nebT9I/AAAAAAAACTI/NHgwq9cceUMOK6nlMFDpshcO3ladnaW8QCLcBGAsYHQ/s500/money.jpg]
[1.bp.blogspot.com/-bqg_Ch9oREk/X_vA_nebT9I/AAAAAAAACTI/NHgwq9cceUMOK6nlMFDpshcO3ladnaW8QCLcBGAsYHQ/s320/money.jpg]
[www.cspira.com.br/2021/01/plugin-round-money-cspira.html]
[www.cspira.com.br/feeds/2304301890265143639/comments/default]
[1.bp.blogspot.com/-xJjZ__KwO70/X_u-xqE3NOI/AAAAAAAACS8/vaQARhmL1aUk7i1gu6bcSvqOIERr6mu0ACLcBGAsYHQ/s665/melhorround.jpg]
[1.bp.blogspot.com/-xJjZ__KwO70/X_u-xqE3NOI/AAAAAAAACS8/vaQARhmL1aUk7i1gu6bcSvqOIERr6mu0ACLcBGAsYHQ/s320/melhorround.jpg]
[www.cspira.com.br/2021/01/plugin-melhor-do-round-cspira.html]
[www.cspira.com.br/feeds/126782930214819794/comments/default]
[1.bp.blogspot.com/-Oo3cxL6cQm8/X_u8L7ODNxI/AAAAAAAACSo/o9JvMtNUaek86o9S7Y174AnPUaxWhTw-wCLcBGAsYHQ/s596/cspira rs.jpg]
[1.bp.blogspot.com/-Oo3cxL6cQm8/X_u8L7ODNxI/AAAAAAAACSo/o9JvMtNUaek86o9S7Y174AnPUaxWhTw-wCLcBGAsYHQ/s320/cspira rs.jpg]
[1.bp.blogspot.com/-bgS1pWh1YVk/X_u8LzKQJII/AAAAAAAACSs/YNliSzj57_YjBNGLy2s82JLuIeFZotsVQCLcBGAsYHQ/s501/cspirars.jpg]
[1.bp.blogspot.com/-bgS1pWh1YVk/X_u8LzKQJII/AAAAAAAACSs/YNliSzj57_YjBNGLy2s82JLuIeFZotsVQCLcBGAsYHQ/s320/cspirars.jpg]
[www.cspira.com.br/2021/01/plugin-reset-score-cspira.html]
[www.cspira.com.br/feeds/3361736028043152607/comments/default]
[1.bp.blogspot.com/-RdsN3_gwtY0/X-lQG-m4iZI/AAAAAAAACNw/jvbUL0KyD1QrheIs-_3qXY5BCyAvBRDUACLcBGAsYHQ/s320/cspira.jpg]
[www.cspira.com.br/2020/12/plugin-sounds-by-silvio-santos-cspira.html]
[www.cspira.com.br/search/label/Plugins1cb3.html]
[1.bp.blogspot.com/-B3oI9vobymE/X-kjaxWnBdI/AAAAAAAACME/ZksNBgAHeK4b7rTqP4v41vnfV4SjSyw9ACLcBGAsYHQ/w680/plugin cs1.6.jpg]
[www.cspira.com.br/2020/12/plugin-hepinguim-cspira.html]
[www.cspira.com.br/2020/12/plugin-dispenser-cspira.html]
[1.bp.blogspot.com/-tF1UiEt4D3Y/X-arkiTdltI/AAAAAAAACLI/m1o4RoEWVMM_2HgXYjzIMbyzXQv9AIPOACLcBGAsYHQ/w680/unnamed.jpg]
[www.cspira.com.br/2020/12/plugin-icone-colorido-cspira.html]
[1.bp.blogspot.com/-1xaCpMcLTgQ/X-aXGLj61mI/AAAAAAAACK4/r1yFm6GYKt0yf16Mj3gp83NlVCCkVzb8wCLcBGAsYHQ/w680/images.jpg]
[www.cspira.com.br/2020/12/plugin-linha-da-morte-cspira.html]
[1.bp.blogspot.com/-ls9u7l5PYSI/X-aWTKIGwaI/AAAAAAAACKw/GWa90wFs8iEFogpIsp4KU7LSSNtfBhJ1gCLcBGAsYHQ/w680/de_aztec0000.jpg]
[www.cspira.com.br/2020/12/plugin-dhud-ip-server-cspira.html]
[1.bp.blogspot.com/-_iuvw9Z2Bm0/X-ZdIpYhGrI/AAAAAAAACJc/XkcEQeJMQ8oeeU-h8OS7xFpfve-Z0GFyACLcBGAsYHQ/w680/C4.jpg]
[www.cspira.com.br/2020/12/plugin-armas-flutuante-cspira.html]
[1.bp.blogspot.com/-Vg56t9H2TNA/X-ZWftpORII/AAAAAAAACJQ/lIO2W39PJM0Xxtt37f2XDfl8SNgOrAA1ACLcBGAsYHQ/w680/1561462503_weapons-floating.jpg]
[www.cspira.com.br/2020/12/plugin-quake-sounds.html]
[1.bp.blogspot.com/-1Q6eh6lAD-Q/X-DMrSFM2zI/AAAAAAAACAk/qTXNI_PKifUqz7sWGIGNURQ-cr7yxLBxACLcBGAsYHQ/w680/addon.jpg]
[www.cspira.com.br/2020/12/plugin-xredirect-server.html]
[1.bp.blogspot.com/-sWxs48avQMc/X-DJhg2NvaI/AAAAAAAACAA/cLYd_gHDRUMh_PSxX0rnr3v3tC-DqxdWQCLcBGAsYHQ/w680/xredirect.png]
[www.cspira.com.br/2020/12/plugin-c4-erotica.html]
[1.bp.blogspot.com/-3AK5pKGVeYQ/X-CMhtG4HWI/AAAAAAAAB_E/8XIL9ltyMK0mr2Vhj7cR481xTqSHSSbZgCLcBGAsYHQ/w680/1_original.jpg]
[www.cspira.com.br/2020/12/plugin-paraquedas.html]
[1.bp.blogspot.com/-SETvB_d0F-c/X-CJOj4EkNI/AAAAAAAAB-w/oALsx3uY8Z0gV2kL7yYMSEN48giICgkcgCLcBGAsYHQ/w680/images.jpg]
[www.cspira.com.br/2020/12/plugin-gorro-de-natal-neve.html]
[www.cspira.com.br/2020/12/plugin-rastro-das-granadas.html]
[1.bp.blogspot.com/-2XHiuPcyzP4/X-BAfzerRDI/AAAAAAAAB-I/MObkOjmlWs0AQRupxsFUOkJgDnHI1z-WwCLcBGAsYHQ/w680/RastroHe.jpg]
[www.cspira.com.br/2020/12/plugin-slow-motion.html]
[1.bp.blogspot.com/-dpUfQAaYKHo/X-A_lHAVNbI/AAAAAAAAB94/tPoENKep1yIs8XHOhAuoqDAURBA4rQDxQCLcBGAsYHQ/w680/Plugin slow motion Cspira.jpg]
[www.cspira.com.br/2020/12/plugin-c4-bomblast.html]
[1.bp.blogspot.com/-i8Z-jSi7HLU/X-A9sl2yHaI/AAAAAAAAB9s/H7w8pyBAEuwzWWCAsDW5PZOINcpX-5iHwCLcBGAsYHQ/w680/Cspira Download cs16.jpg]
[www.cspira.com.br/2020/12/plugin-scorehud.html]
[1.bp.blogspot.com/-pS_bEkbuHbg/X9-qgV89RqI/AAAAAAAAB9Y/UNMAubOwM9AxbpzWzyRmY-6q0Cp7i-EHACLcBGAsYHQ/w680/CspScoreHud.jpg]
[www.cspira.com.br/2020/12/menu-4fun-armas-tecla-n.html]
[1.bp.blogspot.com/-RIz4POyqYQA/X9-pZmyEh8I/AAAAAAAAB9Q/vLqIhtg1ALUvx0pEX8KTqd6Hd7aJffdYgCLcBGAsYHQ/w680/menu4fun.png]
[www.cspira.com.br/2020/12/plugin-mod-2x2.html]
[1.bp.blogspot.com/-TGtQmdEP4Dk/X8zmsmWDayI/AAAAAAAAB3M/Dv65JtJ1x_0niyvQkCBaL3V2s2_5NuSuACLcBGAsYHQ/w680/Cspiramod2x2.jpg]
[www.cspira.com.br/search/label/Plugins48fb.html]
[www.cspira.com.br/search/label/Plugins3573.html]
[www.cspira.com.br/search/label/Progamas6528.html]
[www.cspira.com.br/search/label/Progamas46e8.html]
[www.cspira.com.br/feeds/2137684889867793796/comments/default]
[1.bp.blogspot.com/-77G3D6Qi0O4/X-6rWzNq7KI/AAAAAAAACPs/bxHx7mx4lx87zUtfws4NwKIwNXRHPUoswCLcBGAsYHQ/s604/AK47BLOOD.jpg]
[1.bp.blogspot.com/-77G3D6Qi0O4/X-6rWzNq7KI/AAAAAAAACPs/bxHx7mx4lx87zUtfws4NwKIwNXRHPUoswCLcBGAsYHQ/s320/AK47BLOOD.jpg]
[www.cspira.com.br/2020/12/skin-ak-47-blood-cspira.html]
[www.cspira.com.br/feeds/4621687955797901568/comments/default]
[1.bp.blogspot.com/-XDb_KSOeOlY/X-4402hqVBI/AAAAAAAACPg/lOrP0BtODuM2gJWbzeZOURA_cnrMYc72gCLcBGAsYHQ/s548/C4CSPiraIPAD.jpg]
[1.bp.blogspot.com/-XDb_KSOeOlY/X-4402hqVBI/AAAAAAAACPg/lOrP0BtODuM2gJWbzeZOURA_cnrMYc72gCLcBGAsYHQ/s320/C4CSPiraIPAD.jpg]
[www.cspira.com.br/2020/12/skin-c4-ipad-cspira.html]
[www.cspira.com.br/feeds/8743931059181783689/comments/default]
[1.bp.blogspot.com/-uMjxKvFYqMY/X-41Weu1qaI/AAAAAAAACPU/2H-miEeMsyglYimCxvdooqxSPrw-l_OdQCLcBGAsYHQ/s666/Skin Good cspira.jpg]
[1.bp.blogspot.com/-uMjxKvFYqMY/X-41Weu1qaI/AAAAAAAACPU/2H-miEeMsyglYimCxvdooqxSPrw-l_OdQCLcBGAsYHQ/s320/Skin Good cspira.jpg]
[www.cspira.com.br/2020/12/skin-m4a1-gold-cspira.html]
[www.cspira.com.br/feeds/6280884781679155625/comments/default]
[1.bp.blogspot.com/-KZUN8g-yQBY/X-40V5dISvI/AAAAAAAACPM/WOMHMtwl_SYH59kC0v4ge802DF1guMsvQCLcBGAsYHQ/s692/m41blood.jpg]
[1.bp.blogspot.com/-KZUN8g-yQBY/X-40V5dISvI/AAAAAAAACPM/WOMHMtwl_SYH59kC0v4ge802DF1guMsvQCLcBGAsYHQ/s320/m41blood.jpg]
[www.cspira.com.br/2020/12/skin-m4a1-skull-blood-cspira.html]
[www.cspira.com.br/feeds/5060984817186075821/comments/default]
[1.bp.blogspot.com/-BQ25KysXja0/X-4zEQZvPGI/AAAAAAAACPA/cNYWKdHCNOs-zTZnb-gO4khYEyRo2fV9gCLcBGAsYHQ/s643/m4sangue skin.jpg]
[1.bp.blogspot.com/-BQ25KysXja0/X-4zEQZvPGI/AAAAAAAACPA/cNYWKdHCNOs-zTZnb-gO4khYEyRo2fV9gCLcBGAsYHQ/s320/m4sangue skin.jpg]
[www.cspira.com.br/2020/12/skin-m4a1-sangue-cspira.html]
[www.cspira.com.br/feeds/500794688561070944/comments/default]
[1.bp.blogspot.com/-QCIriRtnczA/X-4xsb_voXI/AAAAAAAACO0/AsJeVHVH02sN3jWpJNigeUdPEzOODqD5ACLcBGAsYHQ/s669/Skins.jpg]
[1.bp.blogspot.com/-QCIriRtnczA/X-4xsb_voXI/AAAAAAAACO0/AsJeVHVH02sN3jWpJNigeUdPEzOODqD5ACLcBGAsYHQ/s320/Skins.jpg]
[www.cspira.com.br/2020/12/skin-m4a1-emo-cspira.html]
[www.cspira.com.br/feeds/4181304989361701608/comments/default]
[1.bp.blogspot.com/-cu48QwPJMRw/X-1NKaBJjSI/AAAAAAAACOo/fiCTkfR7fqEEzoW5BrlQF6e-gfaomk3HACLcBGAsYHQ/s595/25832241.jpg]
[1.bp.blogspot.com/-cu48QwPJMRw/X-1NKaBJjSI/AAAAAAAACOo/fiCTkfR7fqEEzoW5BrlQF6e-gfaomk3HACLcBGAsYHQ/s320/25832241.jpg]
[www.cspira.com.br/2020/12/skin-m4a1-redline-cspira.html]
[www.cspira.com.br/feeds/9070856203059361045/comments/default]
[1.bp.blogspot.com/-KY6gFMV-8M8/X-1Al2_6QFI/AAAAAAAACOU/i6n7YHC_JXYIdHcXRhC4Gi46BMZAfftTQCLcBGAsYHQ/s634/deagle1.jpg]
[1.bp.blogspot.com/-KY6gFMV-8M8/X-1Al2_6QFI/AAAAAAAACOU/i6n7YHC_JXYIdHcXRhC4Gi46BMZAfftTQCLcBGAsYHQ/s320/deagle1.jpg]
[1.bp.blogspot.com/-xtEtOoEvbfw/X-1AlxZIWvI/AAAAAAAACOY/8Ad_t7hHbugreQTwUBHaq6ZpYbVrBO8ZACLcBGAsYHQ/s650/deagle.jpg]
[1.bp.blogspot.com/-xtEtOoEvbfw/X-1AlxZIWvI/AAAAAAAACOY/8Ad_t7hHbugreQTwUBHaq6ZpYbVrBO8ZACLcBGAsYHQ/s320/deagle.jpg]
[www.cspira.com.br/2020/12/skin-deagle-alexandria-cspira.html]
[www.cspira.com.br/feeds/4713639055641209217/comments/default]
[1.bp.blogspot.com/-p22dH-ydWR0/X-Z-f2kPhyI/AAAAAAAACKI/vtcfwZTwqG8FW4QO1InH9gw9nFwZHZzUACLcBGAsYHQ/s800/ak471.png]
[1.bp.blogspot.com/-p22dH-ydWR0/X-Z-f2kPhyI/AAAAAAAACKI/vtcfwZTwqG8FW4QO1InH9gw9nFwZHZzUACLcBGAsYHQ/s320/ak471.png]
[1.bp.blogspot.com/-KPDqxirIBKc/X-Z-ftA0H3I/AAAAAAAACKE/1IUtdrP4AeI5h1fB7TH_vRPZMROKhDL8gCLcBGAsYHQ/s800/AWP.png]
[1.bp.blogspot.com/-KPDqxirIBKc/X-Z-ftA0H3I/AAAAAAAACKE/1IUtdrP4AeI5h1fB7TH_vRPZMROKhDL8gCLcBGAsYHQ/s320/AWP.png]
[1.bp.blogspot.com/-IhmQ_80BcYg/X-Z-fuOIo2I/AAAAAAAACKA/KOwikZatKMYMZMAx0tKhe2rAxuJJeO1FgCLcBGAsYHQ/s800/deagle1.png]
[1.bp.blogspot.com/-IhmQ_80BcYg/X-Z-fuOIo2I/AAAAAAAACKA/KOwikZatKMYMZMAx0tKhe2rAxuJJeO1FgCLcBGAsYHQ/s320/deagle1.png]
[1.bp.blogspot.com/-13fEUyQ30d8/X-Z-gXq8csI/AAAAAAAACKM/1uF3mxuxChUQMZSHdP80tbhutWNR8GTEwCLcBGAsYHQ/s800/famas.png]
[1.bp.blogspot.com/-13fEUyQ30d8/X-Z-gXq8csI/AAAAAAAACKM/1uF3mxuxChUQMZSHdP80tbhutWNR8GTEwCLcBGAsYHQ/s320/famas.png]
[1.bp.blogspot.com/-Uy8787BIlPc/X-Z-gtcJ90I/AAAAAAAACKQ/Sc2G47fWr-QqDJRE0y_nT7_FKm0fxiUaQCLcBGAsYHQ/s800/hl 2019-07-13 20-58-33-81.png]
[1.bp.blogspot.com/-Uy8787BIlPc/X-Z-gtcJ90I/AAAAAAAACKQ/Sc2G47fWr-QqDJRE0y_nT7_FKm0fxiUaQCLcBGAsYHQ/s320/hl 2019-07-13 20-58-33-81.png]
[1.bp.blogspot.com/-qQs8k4t-Zc8/X-Z-g9lHGBI/AAAAAAAACKU/PvQmvMYtbaAZk5Xta_dv2LaxF7S7xkS7gCLcBGAsYHQ/s800/knife1.png]
[1.bp.blogspot.com/-qQs8k4t-Zc8/X-Z-g9lHGBI/AAAAAAAACKU/PvQmvMYtbaAZk5Xta_dv2LaxF7S7xkS7gCLcBGAsYHQ/s320/knife1.png]
[www.cspira.com.br/2020/12/skins-razer-pack-cspira.html]
[www.cspira.com.br/feeds/27109574735711893/comments/default]
[1.bp.blogspot.com/-srexTuUw1tY/X-Z5uoLs_-I/AAAAAAAACJ0/eSdyQtEXg6oZWIiCXVk3gPHbMKgYWBaqwCLcBGAsYHQ/s639/AK-47_Arctic_CS16.jpg]
[1.bp.blogspot.com/-srexTuUw1tY/X-Z5uoLs_-I/AAAAAAAACJ0/eSdyQtEXg6oZWIiCXVk3gPHbMKgYWBaqwCLcBGAsYHQ/s320/AK-47_Arctic_CS16.jpg]
[www.cspira.com.br/2020/12/skin-ak47-arctic-para-cs-16.html]
[www.cspira.com.br/feeds/6353061606948608727/comments/default]
[1.bp.blogspot.com/-80VnHZ5tPwk/X-Z38hRgCKI/AAAAAAAACJo/smBngIvFmUcUstBqycXbZm3mIH9M3jZEwCLcBGAsYHQ/s640/M4A1_High_Voltage_God_CS16.jpg]
[1.bp.blogspot.com/-80VnHZ5tPwk/X-Z38hRgCKI/AAAAAAAACJo/smBngIvFmUcUstBqycXbZm3mIH9M3jZEwCLcBGAsYHQ/s320/M4A1_High_Voltage_God_CS16.jpg]
[www.cspira.com.br/2020/12/skin-m4a1-high-voltage-god-hd-para-cs-16.html]
[www.cspira.com.br/feeds/6349518660929019615/comments/default]
[1.bp.blogspot.com/-pp2O40sjLnE/X-ZTU56H6lI/AAAAAAAACI8/a53nZ1NfIyc1SHLy2qRAnO4GtYnJ-CL0ACLcBGAsYHQ/s600/1573418702_m4a1-s_reformer.jpg]
[1.bp.blogspot.com/-pp2O40sjLnE/X-ZTU56H6lI/AAAAAAAACI8/a53nZ1NfIyc1SHLy2qRAnO4GtYnJ-CL0ACLcBGAsYHQ/s320/1573418702_m4a1-s_reformer.jpg]
[www.cspira.com.br/2020/12/skin-m4a1-s-reformer-para-cs-16.html]
[www.cspira.com.br/feeds/2620096144859261843/comments/default]
[1.bp.blogspot.com/-QQkuhWqaxes/X-YZ2KXr3dI/AAAAAAAACIg/pf8R5DmD1y8pQi0M0Vh8wZG87miR39vXACLcBGAsYHQ/s600/1573080723_ak47_hell_hound.jpg]
[1.bp.blogspot.com/-QQkuhWqaxes/X-YZ2KXr3dI/AAAAAAAACIg/pf8R5DmD1y8pQi0M0Vh8wZG87miR39vXACLcBGAsYHQ/s320/1573080723_ak47_hell_hound.jpg]
[www.cspira.com.br/2020/12/skin-ak-47-cerberus-para-cs-16.html]
[www.cspira.com.br/feeds/6034807005393632929/comments/default]
[1.bp.blogspot.com/-34aEhRHNkEE/X-YYQKxWBPI/AAAAAAAACIU/nddwOjz_GKU3egDZHGNseJneO-4UYyJjwCLcBGAsYHQ/s1280/1576503400_ak47_neon_revolution2.jpg]
[1.bp.blogspot.com/-34aEhRHNkEE/X-YYQKxWBPI/AAAAAAAACIU/nddwOjz_GKU3egDZHGNseJneO-4UYyJjwCLcBGAsYHQ/s320/1576503400_ak47_neon_revolution2.jpg]
[www.cspira.com.br/2020/12/skin-ak-47-rat-rod-cspira.html]
[www.cspira.com.br/feeds/4763611050407710804/comments/default]
[1.bp.blogspot.com/-N6WfgiWgWek/X-VzHaNV5oI/AAAAAAAACG8/dEXWXMp2igktkPk1TRW-esUPOTqcD7Q9gCLcBGAsYHQ/s500/1556456720_1.jpg]
[1.bp.blogspot.com/-N6WfgiWgWek/X-VzHaNV5oI/AAAAAAAACG8/dEXWXMp2igktkPk1TRW-esUPOTqcD7Q9gCLcBGAsYHQ/s320/1556456720_1.jpg]
[www.cspira.com.br/2020/12/awp-flaming-hot-sniper-para-cs-16.html]
[www.cspira.com.br/feeds/7426561931386276911/comments/default]
[1.bp.blogspot.com/-bhbic_ARx44/X-ViyQLZb8I/AAAAAAAACGo/S2t9ANdf6pE-qae9VmxA5ZCtN2fA2OKPQCLcBGAsYHQ/s600/1573420449_awp-silent-killer.jpg]
[1.bp.blogspot.com/-bhbic_ARx44/X-ViyQLZb8I/AAAAAAAACGo/S2t9ANdf6pE-qae9VmxA5ZCtN2fA2OKPQCLcBGAsYHQ/s320/1573420449_awp-silent-killer.jpg]
[www.cspira.com.br/2020/12/skin-awp-silent-killer-hd-cspira.html]
[www.cspira.com.br/search/label/Skins Armas8b0b.html]
[www.cspira.com.br/search/label/Skins Armas571f.html]
[www.cspira.com.br/feeds/4656289389960832389/comments/default]
[1.bp.blogspot.com/-QPrYKmQTbDM/X_uvjMN8b0I/AAAAAAAACSc/r0q_eeDwyYg6TFNbzHmv6EYYu0u5i9MbACLcBGAsYHQ/s800/Skins cs1.6 CSPira.jpg]
[1.bp.blogspot.com/-QPrYKmQTbDM/X_uvjMN8b0I/AAAAAAAACSc/r0q_eeDwyYg6TFNbzHmv6EYYu0u5i9MbACLcBGAsYHQ/w320-h245/Skins cs1.6 CSPira.jpg]
[www.cspira.com.br/2021/01/skins-rebecca-e-ace-cspira.html]
[www.cspira.com.br/feeds/6384191472825621639/comments/default]
[1.bp.blogspot.com/-NM9uRXGso1Q/X-kvmNJquAI/AAAAAAAACNI/qcpHCz7RyAE4yBvDAXqlXnYYXKSoitdlgCLcBGAsYHQ/s631/supremo tr.jpg]
[1.bp.blogspot.com/-NM9uRXGso1Q/X-kvmNJquAI/AAAAAAAACNI/qcpHCz7RyAE4yBvDAXqlXnYYXKSoitdlgCLcBGAsYHQ/w269-h274/supremo tr.jpg]
[1.bp.blogspot.com/-M85Cx4PwtJQ/X-kvl0rExuI/AAAAAAAACNE/02Qbr_n_qvAjkrVwRsC6271axaxJR_KAgCLcBGAsYHQ/s639/Sem t_tulo.jpg_;filename_=UTF-8''Sem%20t%C3%ADtulo.jpg]
[1.bp.blogspot.com/-M85Cx4PwtJQ/X-kvl0rExuI/AAAAAAAACNE/02Qbr_n_qvAjkrVwRsC6271axaxJR_KAgCLcBGAsYHQ/w276-h269/Sem t_tulo.jpg_;filename_=UTF-8''Sem%20t%C3%ADtulo.jpg]
[1.bp.blogspot.com/--DJwiTpjUgs/X-kvk9Pz-HI/AAAAAAAACM8/bl6yu1uYs887peJpqXC3NcIQA-kPfmVhACLcBGAsYHQ/s633/Admin.jpg]
[1.bp.blogspot.com/--DJwiTpjUgs/X-kvk9Pz-HI/AAAAAAAACM8/bl6yu1uYs887peJpqXC3NcIQA-kPfmVhACLcBGAsYHQ/w269-h269/Admin.jpg]
[1.bp.blogspot.com/-LyuWE0AtBZI/X-kvk6xoX_I/AAAAAAAACM4/-6N6rJZLaXEn5itSqRK9JWllloniFVdRwCLcBGAsYHQ/s638/Admin Girls ct.jpg]
[1.bp.blogspot.com/-LyuWE0AtBZI/X-kvk6xoX_I/AAAAAAAACM4/-6N6rJZLaXEn5itSqRK9JWllloniFVdRwCLcBGAsYHQ/w289-h269/Admin Girls ct.jpg]
[1.bp.blogspot.com/-KA9NE1dBT2Q/X-kwqEKrinI/AAAAAAAACNk/lMnsTGPvQn8fIaOIDYwnYlyDamsjlJdVQCLcBGAsYHQ/s641/admin tr.jpg]
[1.bp.blogspot.com/-KA9NE1dBT2Q/X-kwqEKrinI/AAAAAAAACNk/lMnsTGPvQn8fIaOIDYwnYlyDamsjlJdVQCLcBGAsYHQ/w272-h264/admin tr.jpg]
[1.bp.blogspot.com/-I7VI2Qt38G8/X-kvk6JdKuI/AAAAAAAACNA/kEJ1EXtK-nEb0jC38MOumDDI9JyUJzcYQCLcBGAsYHQ/s632/Admin ct.jpg]
[1.bp.blogspot.com/-I7VI2Qt38G8/X-kvk6JdKuI/AAAAAAAACNA/kEJ1EXtK-nEb0jC38MOumDDI9JyUJzcYQCLcBGAsYHQ/w297-h268/Admin ct.jpg]
[www.cspira.com.br/2020/12/skins-pack-adm-cspira.html]
[www.cspira.com.br/feeds/5935552813614085645/comments/default]
[1.bp.blogspot.com/-ydlOlsaPZe4/X-QJXo04_WI/AAAAAAAACEM/RDapbrze2Ig2oCia5AZGd09XgYP1LarXACLcBGAsYHQ/s728/payday-robbers.jpg]
[1.bp.blogspot.com/-ydlOlsaPZe4/X-QJXo04_WI/AAAAAAAACEM/RDapbrze2Ig2oCia5AZGd09XgYP1LarXACLcBGAsYHQ/s320/payday-robbers.jpg]
[www.cspira.com.br/2020/12/pack-skins-players-payday.html]
[www.cspira.com.br/feeds/1404755823789301208/comments/default]
[1.bp.blogspot.com/-Aur7U54ZmiM/X-DZeolch4I/AAAAAAAACCw/dbtpQUV_2ZgKptUNbUibsS81QmzqvcZYQCLcBGAsYHQ/s800/JokerCspiraV2.jpg]
[1.bp.blogspot.com/-Aur7U54ZmiM/X-DZeolch4I/AAAAAAAACCw/dbtpQUV_2ZgKptUNbUibsS81QmzqvcZYQCLcBGAsYHQ/s320/JokerCspiraV2.jpg]
[www.cspira.com.br/2020/12/melhores-skins-de-adm-jokerv2-para-o.html]
[www.cspira.com.br/feeds/1493083447725595362/comments/default]
[1.bp.blogspot.com/-Z7RXXZ8fPVE/X-DSlj9XncI/AAAAAAAACBY/TZa8ymIWwuMvxIUQSCpVwHWJiJJxCCgXQCLcBGAsYHQ/s800/51788a92f079a.jpg]
[1.bp.blogspot.com/-Z7RXXZ8fPVE/X-DSlj9XncI/AAAAAAAACBY/TZa8ymIWwuMvxIUQSCpVwHWJiJJxCCgXQCLcBGAsYHQ/s320/51788a92f079a.jpg]
[www.cspira.com.br/2020/12/skin-adm-joker.html]
[www.cspira.com.br/feeds/3438087946950705593/comments/default]
[1.bp.blogspot.com/-iiiJ0ga9c34/X-DPBu0Fj-I/AAAAAAAACAw/rvPbib3RD6gi-_bbH-4yHwz1AeJH69kXACLcBGAsYHQ/s1440/skincspira.jpg]
[1.bp.blogspot.com/-iiiJ0ga9c34/X-DPBu0Fj-I/AAAAAAAACAw/rvPbib3RD6gi-_bbH-4yHwz1AeJH69kXACLcBGAsYHQ/s320/skincspira.jpg]
[www.cspira.com.br/2020/12/skin-carl-johnson-cs16.html]
[www.cspira.com.br/search/label/Skins Playersc24f.html]
[www.cspira.com.br/search/label/Skins Players9b69.html]
[www.cspira.com.br/search/label/Tutoriaisb44c.html]
[www.cspira.com.br/search/label/Tutoriais0fd1.html]
[www.cspira.com.br/feeds/8535535838103347048/comments/default]
[1.bp.blogspot.com/-IK7rhW5oc4I/X-DXDLBqqpI/AAAAAAAACCM/eLexv-n4bDQ-ARWFl33LnG85cFl3BTezQCLcBGAsYHQ/s500/dproto-capa.jpg]
[1.bp.blogspot.com/-IK7rhW5oc4I/X-DXDLBqqpI/AAAAAAAACCM/eLexv-n4bDQ-ARWFl33LnG85cFl3BTezQCLcBGAsYHQ/s320/dproto-capa.jpg]
[www.cspira.com.br/2020/12/dproto-clientes-p47-e-48.html]
[www.cspira.com.br/search/label/Utilitarios5674.html]
[docs.google.com/images/env.html]
[www.cspira.com.br/search/label/Utilitariose6f7.html]
[www.cspira.com.br/search/label/CS Onlinee569.html]
[www.cspira.com.br/search/label/CS Online7f56.html]
[www.cspira.com.br/search/label/Counter-strike 132b7.html]
[www.cspira.com.br/search/label/Addons8bb8.html]
[draft.blogger.com/dyn-css/authorizationac43.css]
[www.cspira.com.br/2021/03/plugin-top-10-facas-rank-de-facasb1cd.html]
[www.cspira.com.br/2021/03/plugin-top-10-facas-rank-de-facas0937.html]
[www.cspira.com.br/2021/09/counter-strike-16-classice262.html]
[www.cspira.com.br/2021/09/counter-strike-16-classic4607.html]
[www.cspira.com.br/2021/02/plugin-sniper-fast3073.html]
[www.cspira.com.br/2021/02/plugin-sniper-fast9b25.html]
[www.cspira.com.br/2021/02/plugin-sniper-fastbe64.html]
[www.cspira.com.br/search1569.html]
[www.cspira.com.br/search/label/Counter-strike 1d928.html]
[www.cspira.com.br/searcha90f.html]
[www.cspira.com.br/searchc089.html]
[www.cspira.com.br/search2f5b.html]
[www.cspira.com.br/search05d7.html]
[www.cspira.com.br/search06c2.html]
[www.cspira.com.br/search5763.html]
[www.cspira.com.br/search/label/Addons23ea.html]
[www.cspira.com.br/search/label/AntiCheat46e8.html]
[www.cspira.com.br/search/label/Boost0fd1.html]
[www.cspira.com.br/search/label/CS 17f56.html]
[www.cspira.com.br/search/label/Jogos PCe173.html]
[www.cspira.com.br/search/label/Mapas9ab6.html]
[www.cspira.com.br/search/label/Plugins1cb3.html]
[www.cspira.com.br/searchd0b3.html]
[www.cspira.com.br/feeds/187810944260931733/comments/default]
[1.bp.blogspot.com/-B3oI9vobymE/X-kjaxWnBdI/AAAAAAAACME/ZksNBgAHeK4b7rTqP4v41vnfV4SjSyw9ACLcBGAsYHQ/s700/plugin cs1.6.jpg]
[1.bp.blogspot.com/-B3oI9vobymE/X-kjaxWnBdI/AAAAAAAACME/ZksNBgAHeK4b7rTqP4v41vnfV4SjSyw9ACLcBGAsYHQ/s320/plugin cs1.6.jpg]
[www.cspira.com.br/2020/12/plugin-hepinguim-cspira.html]
[www.cspira.com.br/feeds/5569843429159139399/comments/default]
[1.bp.blogspot.com/-tF1UiEt4D3Y/X-arkiTdltI/AAAAAAAACLI/m1o4RoEWVMM_2HgXYjzIMbyzXQv9AIPOACLcBGAsYHQ/s512/unnamed.jpg]
[1.bp.blogspot.com/-tF1UiEt4D3Y/X-arkiTdltI/AAAAAAAACLI/m1o4RoEWVMM_2HgXYjzIMbyzXQv9AIPOACLcBGAsYHQ/s320/unnamed.jpg]
[www.cspira.com.br/2020/12/plugin-dispenser-cspira.html]
[www.cspira.com.br/feeds/8335029642563159204/comments/default]
[1.bp.blogspot.com/-1xaCpMcLTgQ/X-aXGLj61mI/AAAAAAAACK4/r1yFm6GYKt0yf16Mj3gp83NlVCCkVzb8wCLcBGAsYHQ/s284/images.jpg]
[1.bp.blogspot.com/-1xaCpMcLTgQ/X-aXGLj61mI/AAAAAAAACK4/r1yFm6GYKt0yf16Mj3gp83NlVCCkVzb8wCLcBGAsYHQ/s0/images.jpg]
[www.cspira.com.br/2020/12/plugin-icone-colorido-cspira.html]
[www.cspira.com.br/feeds/5528912479376150408/comments/default]
[1.bp.blogspot.com/-ls9u7l5PYSI/X-aWTKIGwaI/AAAAAAAACKw/GWa90wFs8iEFogpIsp4KU7LSSNtfBhJ1gCLcBGAsYHQ/s467/de_aztec0000.jpg]
[1.bp.blogspot.com/-ls9u7l5PYSI/X-aWTKIGwaI/AAAAAAAACKw/GWa90wFs8iEFogpIsp4KU7LSSNtfBhJ1gCLcBGAsYHQ/s320/de_aztec0000.jpg]
[www.cspira.com.br/2020/12/plugin-linha-da-morte-cspira.html]
[www.cspira.com.br/feeds/477115590713822942/comments/default]
[1.bp.blogspot.com/-_iuvw9Z2Bm0/X-ZdIpYhGrI/AAAAAAAACJc/XkcEQeJMQ8oeeU-h8OS7xFpfve-Z0GFyACLcBGAsYHQ/s357/C4.jpg]
[1.bp.blogspot.com/-_iuvw9Z2Bm0/X-ZdIpYhGrI/AAAAAAAACJc/XkcEQeJMQ8oeeU-h8OS7xFpfve-Z0GFyACLcBGAsYHQ/s320/C4.jpg]
[www.cspira.com.br/2020/12/plugin-dhud-ip-server-cspira.html]
[www.cspira.com.br/feeds/6571728205296846460/comments/default]
[1.bp.blogspot.com/-Vg56t9H2TNA/X-ZWftpORII/AAAAAAAACJQ/lIO2W39PJM0Xxtt37f2XDfl8SNgOrAA1ACLcBGAsYHQ/s498/1561462503_weapons-floating.jpg]
[1.bp.blogspot.com/-Vg56t9H2TNA/X-ZWftpORII/AAAAAAAACJQ/lIO2W39PJM0Xxtt37f2XDfl8SNgOrAA1ACLcBGAsYHQ/s320/1561462503_weapons-floating.jpg]
[www.cspira.com.br/2020/12/plugin-armas-flutuante-cspira.html]
[www.cspira.com.br/feeds/6255441847934396692/comments/default]
[1.bp.blogspot.com/-1Q6eh6lAD-Q/X-DMrSFM2zI/AAAAAAAACAk/qTXNI_PKifUqz7sWGIGNURQ-cr7yxLBxACLcBGAsYHQ/s600/addon.jpg]
[1.bp.blogspot.com/-1Q6eh6lAD-Q/X-DMrSFM2zI/AAAAAAAACAk/qTXNI_PKifUqz7sWGIGNURQ-cr7yxLBxACLcBGAsYHQ/s320/addon.jpg]
[www.cspira.com.br/2020/12/plugin-quake-sounds.html]
[www.cspira.com.br/feeds/3165555174413625068/comments/default]
[1.bp.blogspot.com/-sWxs48avQMc/X-DJhg2NvaI/AAAAAAAACAA/cLYd_gHDRUMh_PSxX0rnr3v3tC-DqxdWQCLcBGAsYHQ/s343/xredirect.png]
[1.bp.blogspot.com/-sWxs48avQMc/X-DJhg2NvaI/AAAAAAAACAA/cLYd_gHDRUMh_PSxX0rnr3v3tC-DqxdWQCLcBGAsYHQ/s320/xredirect.png]
[1.bp.blogspot.com/-bhIH8sfJ-38/X-DJjWGmRsI/AAAAAAAACAE/bSp_TaRSzb4NF_0NER5duMGz1NTmHtT3ACLcBGAsYHQ/s388/Cspira Xredirect.png]
[1.bp.blogspot.com/-bhIH8sfJ-38/X-DJjWGmRsI/AAAAAAAACAE/bSp_TaRSzb4NF_0NER5duMGz1NTmHtT3ACLcBGAsYHQ/s320/Cspira Xredirect.png]
[www.cspira.com.br/2020/12/plugin-xredirect-server4ec0.html]
[www.cspira.com.br/2020/12/plugin-xredirect-server.html]
[www.cspira.com.br/2020/12/plugin-xredirect-serverde3c.html]
[www.cspira.com.br/feeds/5143681251406333648/comments/default]
[1.bp.blogspot.com/-3AK5pKGVeYQ/X-CMhtG4HWI/AAAAAAAAB_E/8XIL9ltyMK0mr2Vhj7cR481xTqSHSSbZgCLcBGAsYHQ/s681/1_original.jpg]
[1.bp.blogspot.com/-3AK5pKGVeYQ/X-CMhtG4HWI/AAAAAAAAB_E/8XIL9ltyMK0mr2Vhj7cR481xTqSHSSbZgCLcBGAsYHQ/s320/1_original.jpg]
[www.cspira.com.br/2020/12/plugin-c4-erotica.html]
[www.cspira.com.br/feeds/3121925156104575433/comments/default]
[1.bp.blogspot.com/-SETvB_d0F-c/X-CJOj4EkNI/AAAAAAAAB-w/oALsx3uY8Z0gV2kL7yYMSEN48giICgkcgCLcBGAsYHQ/s284/images.jpg]
[1.bp.blogspot.com/-SETvB_d0F-c/X-CJOj4EkNI/AAAAAAAAB-w/oALsx3uY8Z0gV2kL7yYMSEN48giICgkcgCLcBGAsYHQ/s0/images.jpg]
[www.cspira.com.br/2020/12/plugin-paraquedas.html]
[www.cspira.com.br/2020/12/plugin-gorro-de-natal-neve.html]
[www.cspira.com.br/feeds/1563173618653318769/comments/default]
[www.cspira.com.br/feeds/861501456032545746/comments/default]
[1.bp.blogspot.com/-2XHiuPcyzP4/X-BAfzerRDI/AAAAAAAAB-I/MObkOjmlWs0AQRupxsFUOkJgDnHI1z-WwCLcBGAsYHQ/s340/RastroHe.jpg]
[1.bp.blogspot.com/-2XHiuPcyzP4/X-BAfzerRDI/AAAAAAAAB-I/MObkOjmlWs0AQRupxsFUOkJgDnHI1z-WwCLcBGAsYHQ/s320/RastroHe.jpg]
[www.cspira.com.br/2020/12/plugin-rastro-das-granadas63e3.html]
[www.cspira.com.br/2020/12/plugin-rastro-das-granadas.html]
[www.cspira.com.br/2020/12/plugin-rastro-das-granadas11e0.html]
[www.cspira.com.br/feeds/5065924989673352638/comments/default]
[1.bp.blogspot.com/-dpUfQAaYKHo/X-A_lHAVNbI/AAAAAAAAB94/tPoENKep1yIs8XHOhAuoqDAURBA4rQDxQCLcBGAsYHQ/s320/Plugin slow motion Cspira.jpg]
[1.bp.blogspot.com/-dpUfQAaYKHo/X-A_lHAVNbI/AAAAAAAAB94/tPoENKep1yIs8XHOhAuoqDAURBA4rQDxQCLcBGAsYHQ/s0/Plugin slow motion Cspira.jpg]
[www.cspira.com.br/2020/12/plugin-slow-motion.html]
[www.cspira.com.br/feeds/7830985526198296940/comments/default]
[1.bp.blogspot.com/-i8Z-jSi7HLU/X-A9sl2yHaI/AAAAAAAAB9s/H7w8pyBAEuwzWWCAsDW5PZOINcpX-5iHwCLcBGAsYHQ/s680/Cspira Download cs16.jpg]
[1.bp.blogspot.com/-i8Z-jSi7HLU/X-A9sl2yHaI/AAAAAAAAB9s/H7w8pyBAEuwzWWCAsDW5PZOINcpX-5iHwCLcBGAsYHQ/s320/Cspira Download cs16.jpg]
[www.cspira.com.br/2020/12/plugin-c4-bomblast.html]
[www.cspira.com.br/feeds/4356544856789459129/comments/default]
[1.bp.blogspot.com/-pS_bEkbuHbg/X9-qgV89RqI/AAAAAAAAB9Y/UNMAubOwM9AxbpzWzyRmY-6q0Cp7i-EHACLcBGAsYHQ/s680/CspScoreHud.jpg]
[1.bp.blogspot.com/-pS_bEkbuHbg/X9-qgV89RqI/AAAAAAAAB9Y/UNMAubOwM9AxbpzWzyRmY-6q0Cp7i-EHACLcBGAsYHQ/s320/CspScoreHud.jpg]
[www.cspira.com.br/2020/12/plugin-scorehud.html]
[www.cspira.com.br/feeds/4482008455191032784/comments/default]
[1.bp.blogspot.com/-RIz4POyqYQA/X9-pZmyEh8I/AAAAAAAAB9Q/vLqIhtg1ALUvx0pEX8KTqd6Hd7aJffdYgCLcBGAsYHQ/s1400/menu4fun.png]
[1.bp.blogspot.com/-RIz4POyqYQA/X9-pZmyEh8I/AAAAAAAAB9Q/vLqIhtg1ALUvx0pEX8KTqd6Hd7aJffdYgCLcBGAsYHQ/s320/menu4fun.png]
[www.cspira.com.br/2020/12/menu-4fun-armas-tecla-n.html]
[www.cspira.com.br/feeds/4689758985085603968/comments/default]
[1.bp.blogspot.com/-TGtQmdEP4Dk/X8zmsmWDayI/AAAAAAAAB3M/Dv65JtJ1x_0niyvQkCBaL3V2s2_5NuSuACLcBGAsYHQ/s1407/Cspiramod2x2.jpg]
[1.bp.blogspot.com/-TGtQmdEP4Dk/X8zmsmWDayI/AAAAAAAAB3M/Dv65JtJ1x_0niyvQkCBaL3V2s2_5NuSuACLcBGAsYHQ/w320-h230/Cspiramod2x2.jpg]
[www.cspira.com.br/2020/12/plugin-mod-2x2.html]
[www.cspira.com.br/search/label/Plugins3573.html]
[www.cspira.com.br/search/label/Progamas46e8.html]
[www.cspira.com.br/search/label/Skins Armas571f.html]
[www.cspira.com.br/search/label/Skins Players9b69.html]
[www.cspira.com.br/search/label/Tutoriais0fd1.html]
[www.cspira.com.br/search/label/Utilitariose6f7.html]
[www.cspira.com.br/search/label/CS Online7f56.html]
[www.cspira.com.br/search/label/Counter-strike 1d928.html]
[www.cspira.com.br/searcha90f.html]
[www.cspira.com.br/search52b2.html]
[www.cspira.com.br/search2f5b.html]
[www.google.com/js/bg/ScuHrLJSuMz-P8UpD_WVXyUZt188tH6pyCCWmvqBSxI.js]
[www.cspira.com.br/b/csia5cf.js]
[www.cspira.com.br/search05d7.html]
[www.cspira.com.br/search76eb.html]
[www.cspira.com.br/search2a76.html]
[www.cspira.com.br/search06c2.html]
[www.cspira.com.br/search5087.html]
[www.cspira.com.br/search69fb.html]
[www.cspira.com.br/search0482.html]
[www.cspira.com.br/searchd0b3.html]
[www.cspira.com.br/2020/12/plugin-xredirect-server4ec0.html]
[www.cspira.com.br/2020/12/plugin-xredirect-serverde3c.html]
[www.cspira.com.br/2020/12/plugin-rastro-das-granadas63e3.html]
[www.cspira.com.br/2020/12/plugin-rastro-das-granadas11e0.html]
[www.cspira.com.br/search52b2.html]
[www.cspira.com.br/searchb8ca.html]
[www.cspira.com.br/search4869.html]
[www.cspira.com.br/search76eb.html]
[www.cspira.com.br/search2a76.html]
[www.cspira.com.br/searchec70.html]
[www.cspira.com.br/search949b.html]
[www.cspira.com.br/search5087.html]
[www.cspira.com.br/search69fb.html]
[www.cspira.com.br/search2059.html]
[www.cspira.com.br/search4058.html]
[www.cspira.com.br/search0482.html]
[www.cspira.com.br/searchdce1.html]
[www.cspira.com.br/search44a2.html]
[www.cspira.com.br/search1cda.html]
[www.cspira.com.br/searchb8ca.html]
[www.cspira.com.br/search4869.html]
[www.cspira.com.br/searchde34.html]
[www.cspira.com.br/searchcef2.html]
[www.cspira.com.br/searchec70.html]
[www.cspira.com.br/search949b.html]
[www.cspira.com.br/searche19f.html]
[www.cspira.com.br/searchd712.html]
[www.cspira.com.br/search2059.html]
[www.cspira.com.br/search4058.html]
[www.cspira.com.br/searchbfb4.html]
[www.cspira.com.br/search0f6e.html]
[www.cspira.com.br/searchdce1.html]
[www.cspira.com.br/search44a2.html]
[www.cspira.com.br/search1ddd.html]
[www.cspira.com.br/searchc9d1.html]
[www.cspira.com.br/search1cda.html]
[www.cspira.com.br/search6a5d.html]
[www.cspira.com.br/searchcfe7.html]
[www.cspira.com.br/searchde34.html]
[www.cspira.com.br/searchcef2.html]
[www.cspira.com.br/searchef23.html]
[www.cspira.com.br/search8013.html]
[www.cspira.com.br/searche19f.html]
[www.cspira.com.br/searchd712.html]
[www.cspira.com.br/search3ab5.html]
[www.cspira.com.br/search1a13.html]
[www.cspira.com.br/searchbfb4.html]
[www.cspira.com.br/search0f6e.html]
[www.cspira.com.br/searcha0d9.html]
[www.cspira.com.br/search47e1.html]
[www.cspira.com.br/search1ddd.html]
[www.cspira.com.br/searchc9d1.html]
[www.cspira.com.br/search1270.html]
[www.cspira.com.br/searcha1c2.html]
[www.cspira.com.br/search6a5d.html]
[www.cspira.com.br/searchcfe7.html]
[www.cspira.com.br/search7728.html]
[www.cspira.com.br/searchdabe.html]
[www.cspira.com.br/searchef23.html]
[www.cspira.com.br/search8013.html]
[www.cspira.com.br/search79bc.html]
[www.cspira.com.br/search3ab5.html]
[www.cspira.com.br/search1a13.html]
[www.cspira.com.br/search59a5.html]
[www.cspira.com.br/searcha0d9.html]
[www.cspira.com.br/search47e1.html]
[www.cspira.com.br/searchbb47.html]
[www.cspira.com.br/search1270.html]
[www.cspira.com.br/searcha1c2.html]
[www.cspira.com.br/search573f.html]
[www.cspira.com.br/search7728.html]
[www.cspira.com.br/searchdabe.html]
[www.cspira.com.br/searchcce0.html]
[www.cspira.com.br/search79bc.html]
[www.cspira.com.br/search59a5.html]
[www.cspira.com.br/searchbb47.html]
[www.cspira.com.br/search573f.html]
[www.cspira.com.br/searchcce0.html]
[www.cspira.com.br/searchb1cb.html]
[www.cspira.com.br/searchb1cb.html]
